Microchip MPLAB XC8 Compiler V1.36 ()

Linker command line:

-W-3 --edf=C:\Program Files\Microchip\xc8\v1.36\dat\en_msgs.txt -cs \
  -h+dist/default/production\05a-Lcd_4bit_Display.X.production.sym \
  --cmf=dist/default/production\05a-Lcd_4bit_Display.X.production.cmf -z \
  -Q18F4520 -oC:\Users\bagwan\AppData\Local\Temp\s3s0.2 \
  -Mdist/default/production/05a-Lcd_4bit_Display.X.production.map -E1 \
  -ver=XC8 -ASTACK=080h-05ffh -pstack=STACK -ACODE=00h-07BFFh,07F01h-07FFFh \
  -ACONST=00h-07BFFh,07F01h-07FFFh \
  -ASMALLCONST=0600h-06FFhx118,07F01h-07FFFh \
  -AMEDIUMCONST=0600h-07BFFh,07F01h-07FFFh -ACOMRAM=01h-07Fh \
  -AABS1=00h-05FFh -ABIGRAM=01h-05FFh -ARAM=080h-0FFh,0100h-01FFhx5 \
  -ABANK0=080h-0FFh -ABANK1=0100h-01FFh -ABANK2=0200h-02FFh \
  -ABANK3=0300h-03FFh -ABANK4=0400h-04FFh -ABANK5=0500h-05FFh \
  -ASFR=0F80h-0FFFh -preset_vec=00h,intcode,intcodelo,powerup,init,end_init \
  -pramtop=0600h -psmallconst=SMALLCONST -pmediumconst=MEDIUMCONST \
  -pconst=CONST -AFARRAM=00h-00h -ACONFIG=0300000h-030000Dh -pconfig=CONFIG \
  -AIDLOC=0200000h-0200007h -pidloc=IDLOC -AEEDATA=0F00000h-0F000FFh \
  -peeprom_data=EEDATA \
  -prdata=COMRAM,nvrram=COMRAM,nvbit=COMRAM,rbss=COMRAM,rbit=COMRAM \
  -pfarbss=FARRAM,fardata=FARRAM,nvFARRAM=FARRAM \
  -pintsave_regs=BIGRAM,bigbss=BIGRAM,bigdata=BIGRAM -pbss=RAM \
  -pidata=CODE,irdata=CODE,ibigdata=CODE,ifardata=CODE -prparam=COMRAM \
  C:\Users\bagwan\AppData\Local\Temp\s3s0.obj \
  dist/default/production\05a-Lcd_4bit_Display.X.production.obj 

Object code version is 3.11

Machine type is 18F4520

Call graph: (short form)




                Name                               Link     Load   Length Selector   Space Scale
C:\Users\bagwan\AppData\Local\Temp\s3s0.obj
                end_init                              0        0        4        0       0
                idloc                            200000   200000        8   200000       0
                config                           300000   300000        E   300000       0
dist/default/production\05a-Lcd_4bit_Display.X.production.obj
                smallconst                          600      600       22      300       0
                text20                              E86      E86       12      311       0
                text19                              E68      E68       1E      311       0
                text18                              782      782      160      311       0
                text17                              8E2      8E2       D2      311       0
                text16                              622      622      160      311       0
                text15                              A74      A74       AC      311       0
                text14                              D2A      D2A       36      311       0
                text13                              C72      C72       4C      311       0
                text12                              C26      C26       4C      311       0
                text11                              D92      D92       32      311       0
                text10                              E18      E18       2A      311       0
                text9                               CF4      CF4       36      311       0
                text8                               D60      D60       32      311       0
                text7                               E42      E42       26      311       0
                text6                               DEE      DEE       2A      311       0
                text5                               DC4      DC4       2A      311       0
                text4                               E98      E98        E      311       0
                text3                               B7A      B7A       5A      311       0
                text2                               B20      B20       5A      311       0
                text1                               9B4      9B4       C0      311       0
                text0                               BD4      BD4       52      311       0
                cstackCOMRAM                         11       11       10        1       1
                dataCOMRAM                           21       21        4        1       1
                bssCOMRAM                             1        1       10        1       1
                cinit                               CBE      CBE       36      311       0
                idataCOMRAM                         EA6      EA6        4      311       0

TOTAL           Name                               Link     Load   Length     Space
        CLASS   STACK          

        CLASS   CODE           
                end_init                              0        0        4         0
                text20                              E86      E86       12         0
                text19                              E68      E68       1E         0
                text18                              782      782      160         0
                text17                              8E2      8E2       D2         0
                text16                              622      622      160         0
                text15                              A74      A74       AC         0
                text14                              D2A      D2A       36         0
                text13                              C72      C72       4C         0
                text12                              C26      C26       4C         0
                text11                              D92      D92       32         0
                text10                              E18      E18       2A         0
                text9                               CF4      CF4       36         0
                text8                               D60      D60       32         0
                text7                               E42      E42       26         0
                text6                               DEE      DEE       2A         0
                text5                               DC4      DC4       2A         0
                text4                               E98      E98        E         0
                text3                               B7A      B7A       5A         0
                text2                               B20      B20       5A         0
                text1                               9B4      9B4       C0         0
                text0                               BD4      BD4       52         0
                cinit                               CBE      CBE       36         0
                idataCOMRAM                         EA6      EA6        4         0

        CLASS   CONST          

        CLASS   SMALLCONST     
                smallconst                          600      600       22         0

        CLASS   MEDIUMCONST    

        CLASS   COMRAM         
                cstackCOMRAM                         11       11       10         1
                dataCOMRAM                           21       21        4         1
                bssCOMRAM                             1        1       10         1

        CLASS   ABS1           

        CLASS   BIGRAM         

        CLASS   RAM            

        CLASS   BANK0          

        CLASS   BANK1          

        CLASS   BANK2          

        CLASS   BANK3          

        CLASS   BANK4          

        CLASS   BANK5          

        CLASS   SFR            

        CLASS   FARRAM         

        CLASS   CONFIG         
                config                           300000   300000        E         0

        CLASS   IDLOC          
                idloc                            200000   200000        8         0

        CLASS   EEDATA         



SEGMENTS        Name                           Load    Length   Top    Selector   Space  Class

                reset_vec                      000000  000004  000004         0       0  CODE    
                bssCOMRAM                      000001  000024  000025         1       1  COMRAM  
                smallconst                     000600  000022  000622       300       0  SMALLCON
                text16                         000622  000888  000EAA       311       0  CODE    
                idloc                          200000  000008  200008    200000       0  IDLOC   
                config                         300000  00000E  30000E    300000       0  CONFIG  


UNUSED ADDRESS RANGES

        Name                Unused          Largest block    Delta
        BANK0            000080-0000FF               80
        BANK1            000100-0001FF              100
        BANK2            000200-0002FF              100
        BANK3            000300-0003FF              100
        BANK4            000400-0004FF              100
        BANK5            000500-0005FF              100
        BIGRAM           000025-0005FF              5DB
        CODE             000004-0005FF              5FC
                         000EAA-007BFF             6D56
                         007F01-007FFF               FF
        COMRAM           000025-00007F               5B
        CONST            000004-0005FF              5FC
                         000EAA-007BFF             6D56
                         007F01-007FFF               FF
        EEDATA           F00000-F000FF              100
        MEDIUMCONST      000EAA-007BFF             6D56
                         007F01-007FFF               FF
        RAM              000080-0005FF              100
        SFR              000F80-000FFF               80
        SMALLCONST       000EAA-007BFF              100
                         007F01-007FFF               FF
        STACK            000080-0005FF              580

                                  Symbol Table

DELAY_ms@ms_count                      cstackCOMRAM 000013
DELAY_us@us_count                      cstackCOMRAM 000011
GPIO_PinDirection@enm_pinNumber        cstackCOMRAM 000015
GPIO_PinDirection@var_pinDirn_u8       cstackCOMRAM 000011
GPIO_PinDirection@var_portNumber_u8    cstackCOMRAM 000014
GPIO_PinRead@enm_pinNumber             cstackCOMRAM 000015
GPIO_PinRead@returnStatus              cstackCOMRAM 000014
GPIO_PinRead@var_portNumber_u8         cstackCOMRAM 000013
GPIO_PinWrite@enm_pinNumber            cstackCOMRAM 000015
GPIO_PinWrite@var_pinValue_u8          cstackCOMRAM 000011
GPIO_PinWrite@var_portNumber_u8        cstackCOMRAM 000014
LCD_CmdWrite@v_lcdCmd_u8               cstackCOMRAM 000017
LCD_DisplayChar@v_lcdData_u8           cstackCOMRAM 000018
LCD_DisplayString@ptr_stringPointer_u8 cstackCOMRAM 000019
LCD_GoToLine@v_lineNumber_u8           cstackCOMRAM 000018
LCD_Init@v_MaxCharsPerLine_u8          cstackCOMRAM 000019
LCD_Init@v_lcdNoOfLines_u8             cstackCOMRAM 00001A
LCD_SetUp@D0                           cstackCOMRAM 000018
LCD_SetUp@D1                           cstackCOMRAM 000019
LCD_SetUp@D2                           cstackCOMRAM 00001A
LCD_SetUp@D3                           cstackCOMRAM 00001B
LCD_SetUp@D4                           cstackCOMRAM 00001C
LCD_SetUp@D5                           cstackCOMRAM 00001D
LCD_SetUp@D6                           cstackCOMRAM 00001E
LCD_SetUp@D7                           cstackCOMRAM 00001F
LCD_SetUp@EN                           cstackCOMRAM 000017
LCD_SetUp@RS                           cstackCOMRAM 000020
LCD_SetUp@RW                           cstackCOMRAM 000016
_ARR_LcdLineNumAddress_U8              dataCOMRAM   000021
_DELAY_ms                              text19       000E68
_DELAY_us                              text20       000E86
_GPIO_PinDirection                     text18       000782
_GPIO_PinRead                          text17       0008E2
_GPIO_PinWrite                         text16       000622
_LATA                                  (abs)        000F89
_LATB                                  (abs)        000F8A
_LATC                                  (abs)        000F8B
_LATD                                  (abs)        000F8C
_LATE                                  (abs)        000F8D
_LCDConfig                             bssCOMRAM    000001
_LCD_Clear                             text4        000E98
_LCD_CmdWrite                          text11       000D92
_LCD_DisplayChar                       text7        000E42
_LCD_DisplayString                     text6        000DEE
_LCD_GoToLine                          text5        000DC4
_LCD_GoToNextLine                      text10       000E18
_LCD_Init                              text2        000B20
_LCD_SetUp                             text1        0009B4
_PORTA                                 (abs)        000F80
_PORTB                                 (abs)        000F81
_PORTC                                 (abs)        000F82
_PORTD                                 (abs)        000F83
_PORTE                                 (abs)        000F84
_TRISA                                 (abs)        000F92
_TRISB                                 (abs)        000F93
_TRISC                                 (abs)        000F94
_TRISD                                 (abs)        000F95
_TRISE                                 (abs)        000F96
__CFG_BOREN$OFF                        (abs)        000000
__CFG_BORV$2                           (abs)        000000
__CFG_CCP2MX$PORTC                     (abs)        000000
__CFG_CP0$OFF                          (abs)        000000
__CFG_CP1$OFF                          (abs)        000000
__CFG_CP2$OFF                          (abs)        000000
__CFG_CP3$OFF                          (abs)        000000
__CFG_CPB$OFF                          (abs)        000000
__CFG_CPD$OFF                          (abs)        000000
__CFG_EBTR0$OFF                        (abs)        000000
__CFG_EBTR1$OFF                        (abs)        000000
__CFG_EBTR2$OFF                        (abs)        000000
__CFG_EBTR3$OFF                        (abs)        000000
__CFG_EBTRB$OFF                        (abs)        000000
__CFG_FCMEN$OFF                        (abs)        000000
__CFG_IESO$OFF                         (abs)        000000
__CFG_LPT1OSC$OFF                      (abs)        000000
__CFG_LVP$OFF                          (abs)        000000
__CFG_MCLRE$ON                         (abs)        000000
__CFG_OSC$HS                           (abs)        000000
__CFG_PBADEN$OFF                       (abs)        000000
__CFG_PWRT$OFF                         (abs)        000000
__CFG_STVREN$OFF                       (abs)        000000
__CFG_WDT$OFF                          (abs)        000000
__CFG_WDTPS$32768                      (abs)        000000
__CFG_WRT0$OFF                         (abs)        000000
__CFG_WRT1$OFF                         (abs)        000000
__CFG_WRT2$OFF                         (abs)        000000
__CFG_WRT3$OFF                         (abs)        000000
__CFG_WRTB$OFF                         (abs)        000000
__CFG_WRTC$OFF                         (abs)        000000
__CFG_WRTD$OFF                         (abs)        000000
__CFG_XINST$OFF                        (abs)        000000
__HRAM                                 (abs)        000000
__Habs1                                abs1         000000
__Hbank0                               bank0        000000
__Hbank1                               bank1        000000
__Hbank2                               bank2        000000
__Hbank3                               bank3        000000
__Hbank4                               bank4        000000
__Hbank5                               bank5        000000
__Hbigbss                              bigbss       000000
__Hbigdata                             bigdata      000000
__Hbigram                              bigram       000000
__Hbss                                 bss          000000
__HbssCOMRAM                           bssCOMRAM    000000
__Hcinit                               cinit        000000
__Hclrtext                             clrtext      000000
__Hcomram                              comram       000000
__Hconfig                              config       30000E
__Hconst                               const        000000
__HcstackCOMRAM                        cstackCOMRAM 000000
__Hdata                                data         000000
__HdataCOMRAM                          dataCOMRAM   000000
__Heeprom_data                         eeprom_data  000000
__Hend_init                            end_init     000004
__Hfarbss                              farbss       000000
__Hfardata                             fardata      000000
__Hibigdata                            ibigdata     000000
__Hidata                               idata        000000
__HidataCOMRAM                         idataCOMRAM  000000
__Hidloc                               idloc        200008
__Hifardata                            ifardata     000000
__Hinit                                init         000000
__Hintcode                             intcode      000000
__Hintcode_body                        intcode_body 000000
__Hintcodelo                           intcodelo    000000
__Hintentry                            intentry     000000
__Hintret                              intret       000000
__Hintsave_regs                        intsave_regs 000000
__Hirdata                              irdata       000000
__Hmediumconst                         mediumconst  000000
__HnvFARRAM                            nvFARRAM     000000
__Hnvbit                               nvbit        000000
__Hnvrram                              nvrram       000000
__Hparam                               rparam       000000
__Hpowerup                             powerup      000000
__Hram                                 ram          000000
__Hramtop                              ramtop       000600
__Hrbit                                rbit         000000
__Hrbss                                rbss         000000
__Hrdata                               rdata        000000
__Hreset_vec                           reset_vec    000000
__Hrparam                              rparam       000000
__Hsfr                                 sfr          000000
__Hsmallconst                          smallconst   000622
__Hspace_0                             (abs)        30000E
__Hspace_1                             (abs)        000025
__Hspace_2                             (abs)        000000
__Hstack                               stack        000000
__Hstruct                              struct       000000
__Htemp                                temp         000000
__Htext                                text         000000
__Htext0                               text0        000000
__Htext1                               text1        000000
__Htext10                              text10       000000
__Htext11                              text11       000000
__Htext12                              text12       000000
__Htext13                              text13       000000
__Htext14                              text14       000000
__Htext15                              text15       000000
__Htext16                              text16       000000
__Htext17                              text17       000000
__Htext18                              text18       000000
__Htext19                              text19       000000
__Htext2                               text2        000000
__Htext20                              text20       000000
__Htext3                               text3        000000
__Htext4                               text4        000000
__Htext5                               text5        000000
__Htext6                               text6        000000
__Htext7                               text7        000000
__Htext8                               text8        000000
__Htext9                               text9        000000
__LRAM                                 (abs)        000001
__Labs1                                abs1         000000
__Lbank0                               bank0        000000
__Lbank1                               bank1        000000
__Lbank2                               bank2        000000
__Lbank3                               bank3        000000
__Lbank4                               bank4        000000
__Lbank5                               bank5        000000
__Lbigbss                              bigbss       000000
__Lbigdata                             bigdata      000000
__Lbigram                              bigram       000000
__Lbss                                 bss          000000
__LbssCOMRAM                           bssCOMRAM    000000
__Lcinit                               cinit        000000
__Lclrtext                             clrtext      000000
__Lcomram                              comram       000000
__Lconfig                              config       300000
__Lconst                               const        000000
__LcstackCOMRAM                        cstackCOMRAM 000000
__Ldata                                data         000000
__LdataCOMRAM                          dataCOMRAM   000000
__Leeprom_data                         eeprom_data  000000
__Lend_init                            end_init     000000
__Lfarbss                              farbss       000000
__Lfardata                             fardata      000000
__Libigdata                            ibigdata     000000
__Lidata                               idata        000000
__LidataCOMRAM                         idataCOMRAM  000000
__Lidloc                               idloc        200000
__Lifardata                            ifardata     000000
__Linit                                init         000000
__Lintcode                             intcode      000000
__Lintcode_body                        intcode_body 000000
__Lintcodelo                           intcodelo    000000
__Lintentry                            intentry     000000
__Lintret                              intret       000000
__Lintsave_regs                        intsave_regs 000000
__Lirdata                              irdata       000000
__Lmediumconst                         mediumconst  000000
__LnvFARRAM                            nvFARRAM     000000
__Lnvbit                               nvbit        000000
__Lnvrram                              nvrram       000000
__Lparam                               rparam       000000
__Lpowerup                             powerup      000000
__Lram                                 ram          000000
__Lramtop                              ramtop       000600
__Lrbit                                rbit         000000
__Lrbss                                rbss         000000
__Lrdata                               rdata        000000
__Lreset_vec                           reset_vec    000000
__Lrparam                              rparam       000000
__Lsfr                                 sfr          000000
__Lsmallconst                          smallconst   000600
__Lspace_0                             (abs)        000000
__Lspace_1                             (abs)        000000
__Lspace_2                             (abs)        000000
__Lstack                               stack        000000
__Lstruct                              struct       000000
__Ltemp                                temp         000000
__Ltext                                text         000000
__Ltext0                               text0        000000
__Ltext1                               text1        000000
__Ltext10                              text10       000000
__Ltext11                              text11       000000
__Ltext12                              text12       000000
__Ltext13                              text13       000000
__Ltext14                              text14       000000
__Ltext15                              text15       000000
__Ltext16                              text16       000000
__Ltext17                              text17       000000
__Ltext18                              text18       000000
__Ltext19                              text19       000000
__Ltext2                               text2        000000
__Ltext20                              text20       000000
__Ltext3                               text3        000000
__Ltext4                               text4        000000
__Ltext5                               text5        000000
__Ltext6                               text6        000000
__Ltext7                               text7        000000
__Ltext8                               text8        000000
__Ltext9                               text9        000000
__S0                                   (abs)        30000E
__S1                                   (abs)        000025
__S2                                   (abs)        000000
___inthi_sp                            stack        000000
___intlo_sp                            stack        000000
___param_bank                          (abs)        000010
___rparam_used                         (abs)        000001
___sp                                  stack        000000
__accesstop                            (abs)        000080
__activetblptr                         (abs)        000002
__end_of_DELAY_ms                      text19       000E86
__end_of_DELAY_us                      text20       000E98
__end_of_GPIO_PinDirection             text18       0008E2
__end_of_GPIO_PinRead                  text17       0009B4
__end_of_GPIO_PinWrite                 text16       000782
__end_of_LCD_Clear                     text4        000EA6
__end_of_LCD_CmdWrite                  text11       000DC4
__end_of_LCD_DisplayChar               text7        000E68
__end_of_LCD_DisplayString             text6        000E18
__end_of_LCD_GoToLine                  text5        000DEE
__end_of_LCD_GoToNextLine              text10       000E42
__end_of_LCD_Init                      text2        000B7A
__end_of_LCD_SetUp                     text1        000A74
__end_of__initialization               cinit        000CEA
__end_of_lcd_BusyCheck                 text15       000B20
__end_of_lcd_DataWrite                 text8        000D92
__end_of_lcd_Reset                     text3        000BD4
__end_of_lcd_SendCmdSignals            text14       000D60
__end_of_lcd_SendDataSignals           text9        000D2A
__end_of_lcd_SendHigherNibble          text13       000CBE
__end_of_lcd_SendLowerNibble           text12       000C72
__end_of_main                          text0        000C26
__initialization                       cinit        000CBE
__mediumconst                          mediumconst  000000
__pbssCOMRAM                           bssCOMRAM    000001
__pcinit                               cinit        000CBE
__pcstackCOMRAM                        cstackCOMRAM 000011
__pdataCOMRAM                          dataCOMRAM   000021
__pidataCOMRAM                         idataCOMRAM  000EA6
__psmallconst                          smallconst   000600
__ptext0                               text0        000BD4
__ptext1                               text1        0009B4
__ptext10                              text10       000E18
__ptext11                              text11       000D92
__ptext12                              text12       000C26
__ptext13                              text13       000C72
__ptext14                              text14       000D2A
__ptext15                              text15       000A74
__ptext16                              text16       000622
__ptext17                              text17       0008E2
__ptext18                              text18       000782
__ptext19                              text19       000E68
__ptext2                               text2        000B20
__ptext20                              text20       000E86
__ptext3                               text3        000B7A
__ptext4                               text4        000E98
__ptext5                               text5        000DC4
__ptext6                               text6        000DEE
__ptext7                               text7        000E42
__ptext8                               text8        000D60
__ptext9                               text9        000CF4
__ramtop                               ramtop       000600
__size_of_DELAY_ms                     (abs)        000000
__size_of_DELAY_us                     (abs)        000000
__size_of_GPIO_PinDirection            (abs)        000000
__size_of_GPIO_PinRead                 (abs)        000000
__size_of_GPIO_PinWrite                (abs)        000000
__size_of_LCD_Clear                    (abs)        000000
__size_of_LCD_CmdWrite                 (abs)        000000
__size_of_LCD_DisplayChar              (abs)        000000
__size_of_LCD_DisplayString            (abs)        000000
__size_of_LCD_GoToLine                 (abs)        000000
__size_of_LCD_GoToNextLine             (abs)        000000
__size_of_LCD_Init                     (abs)        000000
__size_of_LCD_SetUp                    (abs)        000000
__size_of_lcd_BusyCheck                (abs)        000000
__size_of_lcd_DataWrite                (abs)        000000
__size_of_lcd_Reset                    (abs)        000000
__size_of_lcd_SendCmdSignals           (abs)        000000
__size_of_lcd_SendDataSignals          (abs)        000000
__size_of_lcd_SendHigherNibble         (abs)        000000
__size_of_lcd_SendLowerNibble          (abs)        000000
__size_of_main                         (abs)        000000
__smallconst                           smallconst   000600
_lcd_BusyCheck                         text15       000A74
_lcd_DataWrite                         text8        000D60
_lcd_Reset                             text3        000B7A
_lcd_SendCmdSignals                    text14       000D2A
_lcd_SendDataSignals                   text9        000CF4
_lcd_SendHigherNibble                  text13       000C72
_lcd_SendLowerNibble                   text12       000C26
_main                                  text0        000BD4
_v_LcdTrackCursorPos_U8                bssCOMRAM    00000F
_v_LcdTrackLineNum_U8                  bssCOMRAM    000010
end_of_initialization                  cinit        000CEA
intlevel0                              text         000000
intlevel1                              text         000000
intlevel2                              text         000000
intlevel3                              text         000000
lcd_BusyCheck@busyflag                 cstackCOMRAM 000016
lcd_DataWrite@dataByte                 cstackCOMRAM 000017
lcd_SendHigherNibble@dataByte          cstackCOMRAM 000016
lcd_SendLowerNibble@dataByte           cstackCOMRAM 000016
stackhi                                (abs)        0005FF
stacklo                                (abs)        000080
start                                  init         000000
start_initialization                   cinit        000CBE


FUNCTION INFORMATION:

 *************** function _main *****************
 Defined at:
		line 39 in file "main.c"
 Parameters:    Size  Location     Type
		None
 Auto vars:     Size  Location     Type
		None
 Return value:  Size  Location     Type
                  2  261[None  ] int 
 Registers used:
		wreg, fsr2l, fsr2h, status,2, status,0, tblptrl, tblptrh, tblptru, prodl, prodh, cstack
 Tracked objects:
		On entry : 
		On exit  : 
		Unchanged: 
 Data sizes:     COMRAM   BANK0   BANK1   BANK2   BANK3   BANK4   BANK5
      Params:         0       0       0       0       0       0       0
      Locals:         0       0       0       0       0       0       0
      Temps:          0       0       0       0       0       0       0
      Totals:         0       0       0       0       0       0       0
Total ram usage:        0 bytes
 Hardware stack levels required when called:    7
 This function calls:
		_LCD_DisplayString
		_LCD_Init
		_LCD_SetUp
 This function is called by:
		Startup code after reset
 This function uses a non-reentrant model


 *************** function _LCD_SetUp *****************
 Defined at:
		line 135 in file "../00-libfiles/lcd.c"
 Parameters:    Size  Location     Type
  RS              1    wreg     enum E3222
  RW              1    5[COMRAM] enum E3222
  EN              1    6[COMRAM] enum E3222
  D0              1    7[COMRAM] enum E3222
  D1              1    8[COMRAM] enum E3222
  D2              1    9[COMRAM] enum E3222
  D3              1   10[COMRAM] enum E3222
  D4              1   11[COMRAM] enum E3222
  D5              1   12[COMRAM] enum E3222
  D6              1   13[COMRAM] enum E3222
  D7              1   14[COMRAM] enum E3222
 Auto vars:     Size  Location     Type
  RS              1   15[COMRAM] enum E3222
 Return value:  Size  Location     Type
                  1    wreg      void 
 Registers used:
		wreg, status,2, status,0, cstack
 Tracked objects:
		On entry : 
		On exit  : 
		Unchanged: 
 Data sizes:     COMRAM   BANK0   BANK1   BANK2   BANK3   BANK4   BANK5
      Params:        10       0       0       0       0       0       0
      Locals:         1       0       0       0       0       0       0
      Temps:          0       0       0       0       0       0       0
      Totals:        11       0       0       0       0       0       0
Total ram usage:       11 bytes
 Hardware stack levels used:    1
 Hardware stack levels required when called:    1
 This function calls:
		_GPIO_PinDirection
 This function is called by:
		_main
 This function uses a non-reentrant model


 *************** function _LCD_Init *****************
 Defined at:
		line 198 in file "../00-libfiles/lcd.c"
 Parameters:    Size  Location     Type
  v_lcdNoOfLin    1    wreg     unsigned char 
  v_MaxCharsPe    1    8[COMRAM] unsigned char 
 Auto vars:     Size  Location     Type
  v_lcdNoOfLin    1    9[COMRAM] unsigned char 
 Return value:  Size  Location     Type
                  1    wreg      void 
 Registers used:
		wreg, fsr2l, fsr2h, status,2, status,0, prodl, prodh, cstack
 Tracked objects:
		On entry : 
		On exit  : 
		Unchanged: 
 Data sizes:     COMRAM   BANK0   BANK1   BANK2   BANK3   BANK4   BANK5
      Params:         1       0       0       0       0       0       0
      Locals:         1       0       0       0       0       0       0
      Temps:          0       0       0       0       0       0       0
      Totals:         2       0       0       0       0       0       0
Total ram usage:        2 bytes
 Hardware stack levels used:    1
 Hardware stack levels required when called:    6
 This function calls:
		_DELAY_ms
		_LCD_Clear
		_LCD_CmdWrite
		_lcd_Reset
 This function is called by:
		_main
 This function uses a non-reentrant model


 *************** function _lcd_Reset *****************
 Defined at:
		line 913 in file "../00-libfiles/lcd.c"
 Parameters:    Size  Location     Type
		None
 Auto vars:     Size  Location     Type
		None
 Return value:  Size  Location     Type
                  1    wreg      void 
 Registers used:
		wreg, status,2, status,0, cstack
 Tracked objects:
		On entry : 
		On exit  : 
		Unchanged: 
 Data sizes:     COMRAM   BANK0   BANK1   BANK2   BANK3   BANK4   BANK5
      Params:         0       0       0       0       0       0       0
      Locals:         0       0       0       0       0       0       0
      Temps:          0       0       0       0       0       0       0
      Totals:         0       0       0       0       0       0       0
Total ram usage:        0 bytes
 Hardware stack levels used:    1
 Hardware stack levels required when called:    2
 This function calls:
		_DELAY_ms
		_DELAY_us
		_lcd_SendCmdSignals
		_lcd_SendHigherNibble
 This function is called by:
		_LCD_Init
 This function uses a non-reentrant model


 *************** function _LCD_Clear *****************
 Defined at:
		line 237 in file "../00-libfiles/lcd.c"
 Parameters:    Size  Location     Type
		None
 Auto vars:     Size  Location     Type
		None
 Return value:  Size  Location     Type
                  1    wreg      void 
 Registers used:
		wreg, fsr2l, fsr2h, status,2, status,0, prodl, prodh, cstack
 Tracked objects:
		On entry : 
		On exit  : 
		Unchanged: 
 Data sizes:     COMRAM   BANK0   BANK1   BANK2   BANK3   BANK4   BANK5
      Params:         0       0       0       0       0       0       0
      Locals:         0       0       0       0       0       0       0
      Temps:          0       0       0       0       0       0       0
      Totals:         0       0       0       0       0       0       0
Total ram usage:        0 bytes
 Hardware stack levels used:    1
 Hardware stack levels required when called:    5
 This function calls:
		_LCD_CmdWrite
		_LCD_GoToLine
 This function is called by:
		_LCD_Init
 This function uses a non-reentrant model


 *************** function _LCD_GoToLine *****************
 Defined at:
		line 265 in file "../00-libfiles/lcd.c"
 Parameters:    Size  Location     Type
  v_lineNumber    1    wreg     unsigned char 
 Auto vars:     Size  Location     Type
  v_lineNumber    1    7[COMRAM] unsigned char 
 Return value:  Size  Location     Type
                  1    wreg      void 
 Registers used:
		wreg, fsr2l, fsr2h, status,2, status,0, prodl, prodh, cstack
 Tracked objects:
		On entry : 
		On exit  : 
		Unchanged: 
 Data sizes:     COMRAM   BANK0   BANK1   BANK2   BANK3   BANK4   BANK5
      Params:         0       0       0       0       0       0       0
      Locals:         1       0       0       0       0       0       0
      Temps:          0       0       0       0       0       0       0
      Totals:         1       0       0       0       0       0       0
Total ram usage:        1 bytes
 Hardware stack levels used:    1
 Hardware stack levels required when called:    4
 This function calls:
		_LCD_CmdWrite
 This function is called by:
		_LCD_Clear
 This function uses a non-reentrant model


 *************** function _LCD_DisplayString *****************
 Defined at:
		line 427 in file "../00-libfiles/lcd.c"
 Parameters:    Size  Location     Type
  ptr_stringPo    2    8[COMRAM] PTR const unsigned char 
		 -> STR_2(15), STR_1(17), 
 Auto vars:     Size  Location     Type
		None
 Return value:  Size  Location     Type
                  1    wreg      void 
 Registers used:
		wreg, fsr2l, fsr2h, status,2, status,0, tblptrl, tblptrh, tblptru, prodl, prodh, cstack
 Tracked objects:
		On entry : 
		On exit  : 
		Unchanged: 
 Data sizes:     COMRAM   BANK0   BANK1   BANK2   BANK3   BANK4   BANK5
      Params:         2       0       0       0       0       0       0
      Locals:         0       0       0       0       0       0       0
      Temps:          0       0       0       0       0       0       0
      Totals:         2       0       0       0       0       0       0
Total ram usage:        2 bytes
 Hardware stack levels used:    1
 Hardware stack levels required when called:    6
 This function calls:
		_LCD_DisplayChar
 This function is called by:
		_main
 This function uses a non-reentrant model


 *************** function _LCD_DisplayChar *****************
 Defined at:
		line 392 in file "../00-libfiles/lcd.c"
 Parameters:    Size  Location     Type
  v_lcdData_u8    1    wreg     unsigned char 
 Auto vars:     Size  Location     Type
  v_lcdData_u8    1    7[COMRAM] unsigned char 
 Return value:  Size  Location     Type
                  1    wreg      void 
 Registers used:
		wreg, fsr2l, fsr2h, status,2, status,0, prodl, prodh, cstack
 Tracked objects:
		On entry : 
		On exit  : 
		Unchanged: 
 Data sizes:     COMRAM   BANK0   BANK1   BANK2   BANK3   BANK4   BANK5
      Params:         0       0       0       0       0       0       0
      Locals:         1       0       0       0       0       0       0
      Temps:          0       0       0       0       0       0       0
      Totals:         1       0       0       0       0       0       0
Total ram usage:        1 bytes
 Hardware stack levels used:    1
 Hardware stack levels required when called:    5
 This function calls:
		_LCD_GoToNextLine
		_lcd_DataWrite
 This function is called by:
		_LCD_DisplayString
		_LCD_DisplayNumber
 This function uses a non-reentrant model


 *************** function _lcd_DataWrite *****************
 Defined at:
		line 826 in file "../00-libfiles/lcd.c"
 Parameters:    Size  Location     Type
  dataByte        1    wreg     unsigned char 
 Auto vars:     Size  Location     Type
  dataByte        1    6[COMRAM] unsigned char 
 Return value:  Size  Location     Type
                  1    wreg      void 
 Registers used:
		wreg, status,2, status,0, cstack
 Tracked objects:
		On entry : 
		On exit  : 
		Unchanged: 
 Data sizes:     COMRAM   BANK0   BANK1   BANK2   BANK3   BANK4   BANK5
      Params:         0       0       0       0       0       0       0
      Locals:         1       0       0       0       0       0       0
      Temps:          0       0       0       0       0       0       0
      Totals:         1       0       0       0       0       0       0
Total ram usage:        1 bytes
 Hardware stack levels used:    1
 Hardware stack levels required when called:    3
 This function calls:
		_lcd_BusyCheck
		_lcd_SendDataSignals
		_lcd_SendHigherNibble
		_lcd_SendLowerNibble
 This function is called by:
		_LCD_DisplayChar
 This function uses a non-reentrant model


 *************** function _lcd_SendDataSignals *****************
 Defined at:
		line 1002 in file "../00-libfiles/lcd.c"
 Parameters:    Size  Location     Type
		None
 Auto vars:     Size  Location     Type
		None
 Return value:  Size  Location     Type
                  1    wreg      void 
 Registers used:
		wreg, status,2, status,0, cstack
 Tracked objects:
		On entry : 
		On exit  : 
		Unchanged: 
 Data sizes:     COMRAM   BANK0   BANK1   BANK2   BANK3   BANK4   BANK5
      Params:         0       0       0       0       0       0       0
      Locals:         0       0       0       0       0       0       0
      Temps:          0       0       0       0       0       0       0
      Totals:         0       0       0       0       0       0       0
Total ram usage:        0 bytes
 Hardware stack levels used:    1
 Hardware stack levels required when called:    1
 This function calls:
		_DELAY_us
		_GPIO_PinWrite
 This function is called by:
		_lcd_DataWrite
 This function uses a non-reentrant model


 *************** function _LCD_GoToNextLine *****************
 Defined at:
		line 292 in file "../00-libfiles/lcd.c"
 Parameters:    Size  Location     Type
		None
 Auto vars:     Size  Location     Type
		None
 Return value:  Size  Location     Type
                  1    wreg      void 
 Registers used:
		wreg, fsr2l, fsr2h, status,2, status,0, prodl, prodh, cstack
 Tracked objects:
		On entry : 
		On exit  : 
		Unchanged: 
 Data sizes:     COMRAM   BANK0   BANK1   BANK2   BANK3   BANK4   BANK5
      Params:         0       0       0       0       0       0       0
      Locals:         0       0       0       0       0       0       0
      Temps:          0       0       0       0       0       0       0
      Totals:         0       0       0       0       0       0       0
Total ram usage:        0 bytes
 Hardware stack levels used:    1
 Hardware stack levels required when called:    4
 This function calls:
		_LCD_CmdWrite
 This function is called by:
		_LCD_DisplayChar
 This function uses a non-reentrant model


 *************** function _LCD_CmdWrite *****************
 Defined at:
		line 358 in file "../00-libfiles/lcd.c"
 Parameters:    Size  Location     Type
  v_lcdCmd_u8     1    wreg     unsigned char 
 Auto vars:     Size  Location     Type
  v_lcdCmd_u8     1    6[COMRAM] unsigned char 
 Return value:  Size  Location     Type
                  1    wreg      void 
 Registers used:
		wreg, status,2, status,0, cstack
 Tracked objects:
		On entry : 
		On exit  : 
		Unchanged: 
 Data sizes:     COMRAM   BANK0   BANK1   BANK2   BANK3   BANK4   BANK5
      Params:         0       0       0       0       0       0       0
      Locals:         1       0       0       0       0       0       0
      Temps:          0       0       0       0       0       0       0
      Totals:         1       0       0       0       0       0       0
Total ram usage:        1 bytes
 Hardware stack levels used:    1
 Hardware stack levels required when called:    3
 This function calls:
		_lcd_BusyCheck
		_lcd_SendCmdSignals
		_lcd_SendHigherNibble
		_lcd_SendLowerNibble
 This function is called by:
		_LCD_Init
		_LCD_Clear
		_LCD_GoToLine
		_LCD_GoToNextLine
 This function uses a non-reentrant model


 *************** function _lcd_SendLowerNibble *****************
 Defined at:
		line 962 in file "../00-libfiles/lcd.c"
 Parameters:    Size  Location     Type
  dataByte        1    wreg     unsigned char 
 Auto vars:     Size  Location     Type
  dataByte        1    5[COMRAM] unsigned char 
 Return value:  Size  Location     Type
                  1    wreg      void 
 Registers used:
		wreg, status,2, status,0, cstack
 Tracked objects:
		On entry : 
		On exit  : 
		Unchanged: 
 Data sizes:     COMRAM   BANK0   BANK1   BANK2   BANK3   BANK4   BANK5
      Params:         0       0       0       0       0       0       0
      Locals:         1       0       0       0       0       0       0
      Temps:          0       0       0       0       0       0       0
      Totals:         1       0       0       0       0       0       0
Total ram usage:        1 bytes
 Hardware stack levels used:    1
 Hardware stack levels required when called:    1
 This function calls:
		_GPIO_PinWrite
 This function is called by:
		_LCD_CmdWrite
		_lcd_DataWrite
 This function uses a non-reentrant model


 *************** function _lcd_SendHigherNibble *****************
 Defined at:
		line 943 in file "../00-libfiles/lcd.c"
 Parameters:    Size  Location     Type
  dataByte        1    wreg     unsigned char 
 Auto vars:     Size  Location     Type
  dataByte        1    5[COMRAM] unsigned char 
 Return value:  Size  Location     Type
                  1    wreg      void 
 Registers used:
		wreg, status,2, status,0, cstack
 Tracked objects:
		On entry : 
		On exit  : 
		Unchanged: 
 Data sizes:     COMRAM   BANK0   BANK1   BANK2   BANK3   BANK4   BANK5
      Params:         0       0       0       0       0       0       0
      Locals:         1       0       0       0       0       0       0
      Temps:          0       0       0       0       0       0       0
      Totals:         1       0       0       0       0       0       0
Total ram usage:        1 bytes
 Hardware stack levels used:    1
 Hardware stack levels required when called:    1
 This function calls:
		_GPIO_PinWrite
 This function is called by:
		_LCD_CmdWrite
		_lcd_DataWrite
		_lcd_Reset
 This function uses a non-reentrant model


 *************** function _lcd_SendCmdSignals *****************
 Defined at:
		line 981 in file "../00-libfiles/lcd.c"
 Parameters:    Size  Location     Type
		None
 Auto vars:     Size  Location     Type
		None
 Return value:  Size  Location     Type
                  1    wreg      void 
 Registers used:
		wreg, status,2, status,0, cstack
 Tracked objects:
		On entry : 
		On exit  : 
		Unchanged: 
 Data sizes:     COMRAM   BANK0   BANK1   BANK2   BANK3   BANK4   BANK5
      Params:         0       0       0       0       0       0       0
      Locals:         0       0       0       0       0       0       0
      Temps:          0       0       0       0       0       0       0
      Totals:         0       0       0       0       0       0       0
Total ram usage:        0 bytes
 Hardware stack levels used:    1
 Hardware stack levels required when called:    1
 This function calls:
		_DELAY_us
		_GPIO_PinWrite
 This function is called by:
		_LCD_CmdWrite
		_lcd_Reset
 This function uses a non-reentrant model


 *************** function _lcd_BusyCheck *****************
 Defined at:
		line 860 in file "../00-libfiles/lcd.c"
 Parameters:    Size  Location     Type
		None
 Auto vars:     Size  Location     Type
  busyflag        1    5[COMRAM] unsigned char 
 Return value:  Size  Location     Type
                  1    wreg      void 
 Registers used:
		wreg, status,2, status,0, cstack
 Tracked objects:
		On entry : 
		On exit  : 
		Unchanged: 
 Data sizes:     COMRAM   BANK0   BANK1   BANK2   BANK3   BANK4   BANK5
      Params:         0       0       0       0       0       0       0
      Locals:         1       0       0       0       0       0       0
      Temps:          0       0       0       0       0       0       0
      Totals:         1       0       0       0       0       0       0
Total ram usage:        1 bytes
 Hardware stack levels used:    1
 Hardware stack levels required when called:    2
 This function calls:
		_DELAY_ms
		_DELAY_us
		_GPIO_PinDirection
		_GPIO_PinRead
		_GPIO_PinWrite
 This function is called by:
		_LCD_CmdWrite
		_lcd_DataWrite
 This function uses a non-reentrant model


 *************** function _GPIO_PinWrite *****************
 Defined at:
		line 127 in file "../00-libfiles/gpio.c"
 Parameters:    Size  Location     Type
  enm_pinNumbe    1    wreg     enum E3211
  var_pinValue    1    0[COMRAM] unsigned char 
 Auto vars:     Size  Location     Type
  enm_pinNumbe    1    4[COMRAM] enum E3211
  var_portNumb    1    3[COMRAM] unsigned char 
 Return value:  Size  Location     Type
                  1    wreg      void 
 Registers used:
		wreg, status,2, status,0
 Tracked objects:
		On entry : 
		On exit  : 
		Unchanged: 
 Data sizes:     COMRAM   BANK0   BANK1   BANK2   BANK3   BANK4   BANK5
      Params:         1       0       0       0       0       0       0
      Locals:         2       0       0       0       0       0       0
      Temps:          2       0       0       0       0       0       0
      Totals:         5       0       0       0       0       0       0
Total ram usage:        5 bytes
 Hardware stack levels used:    1
 This function calls:
		Nothing
 This function is called by:
		_lcd_BusyCheck
		_lcd_SendHigherNibble
		_lcd_SendLowerNibble
		_lcd_SendCmdSignals
		_lcd_SendDataSignals
 This function uses a non-reentrant model


 *************** function _GPIO_PinRead *****************
 Defined at:
		line 192 in file "../00-libfiles/gpio.c"
 Parameters:    Size  Location     Type
  enm_pinNumbe    1    wreg     enum E3211
 Auto vars:     Size  Location     Type
  enm_pinNumbe    1    4[COMRAM] enum E3211
  returnStatus    1    3[COMRAM] unsigned char 
  var_portNumb    1    2[COMRAM] unsigned char 
 Return value:  Size  Location     Type
                  1    wreg      unsigned char 
 Registers used:
		wreg, status,2, status,0
 Tracked objects:
		On entry : 
		On exit  : 
		Unchanged: 
 Data sizes:     COMRAM   BANK0   BANK1   BANK2   BANK3   BANK4   BANK5
      Params:         0       0       0       0       0       0       0
      Locals:         3       0       0       0       0       0       0
      Temps:          2       0       0       0       0       0       0
      Totals:         5       0       0       0       0       0       0
Total ram usage:        5 bytes
 Hardware stack levels used:    1
 This function calls:
		Nothing
 This function is called by:
		_lcd_BusyCheck
 This function uses a non-reentrant model


 *************** function _GPIO_PinDirection *****************
 Defined at:
		line 60 in file "../00-libfiles/gpio.c"
 Parameters:    Size  Location     Type
  enm_pinNumbe    1    wreg     enum E3211
  var_pinDirn_    1    0[COMRAM] unsigned char 
 Auto vars:     Size  Location     Type
  enm_pinNumbe    1    4[COMRAM] enum E3211
  var_portNumb    1    3[COMRAM] unsigned char 
 Return value:  Size  Location     Type
                  1    wreg      void 
 Registers used:
		wreg, status,2, status,0
 Tracked objects:
		On entry : 
		On exit  : 
		Unchanged: 
 Data sizes:     COMRAM   BANK0   BANK1   BANK2   BANK3   BANK4   BANK5
      Params:         1       0       0       0       0       0       0
      Locals:         2       0       0       0       0       0       0
      Temps:          2       0       0       0       0       0       0
      Totals:         5       0       0       0       0       0       0
Total ram usage:        5 bytes
 Hardware stack levels used:    1
 This function calls:
		Nothing
 This function is called by:
		_LCD_SetUp
		_lcd_BusyCheck
 This function uses a non-reentrant model


 *************** function _DELAY_ms *****************
 Defined at:
		line 75 in file "../00-libfiles/delay.c"
 Parameters:    Size  Location     Type
  ms_count        2    2[COMRAM] unsigned int 
 Auto vars:     Size  Location     Type
		None
 Return value:  Size  Location     Type
                  1    wreg      void 
 Registers used:
		wreg, status,2, status,0, cstack
 Tracked objects:
		On entry : 
		On exit  : 
		Unchanged: 
 Data sizes:     COMRAM   BANK0   BANK1   BANK2   BANK3   BANK4   BANK5
      Params:         2       0       0       0       0       0       0
      Locals:         0       0       0       0       0       0       0
      Temps:          0       0       0       0       0       0       0
      Totals:         2       0       0       0       0       0       0
Total ram usage:        2 bytes
 Hardware stack levels used:    1
 Hardware stack levels required when called:    1
 This function calls:
		_DELAY_us
 This function is called by:
		_LCD_Init
		_lcd_BusyCheck
		_lcd_Reset
		_DELAY_sec
 This function uses a non-reentrant model


 *************** function _DELAY_us *****************
 Defined at:
		line 56 in file "../00-libfiles/delay.c"
 Parameters:    Size  Location     Type
  us_count        2    0[COMRAM] unsigned int 
 Auto vars:     Size  Location     Type
		None
 Return value:  Size  Location     Type
                  1    wreg      void 
 Registers used:
		wreg, status,2, status,0
 Tracked objects:
		On entry : 
		On exit  : 
		Unchanged: 
 Data sizes:     COMRAM   BANK0   BANK1   BANK2   BANK3   BANK4   BANK5
      Params:         2       0       0       0       0       0       0
      Locals:         0       0       0       0       0       0       0
      Temps:          0       0       0       0       0       0       0
      Totals:         2       0       0       0       0       0       0
Total ram usage:        2 bytes
 Hardware stack levels used:    1
 This function calls:
		Nothing
 This function is called by:
		_DELAY_ms
		_lcd_BusyCheck
		_lcd_Reset
		_lcd_SendCmdSignals
		_lcd_SendDataSignals
 This function uses a non-reentrant model



MODULE INFORMATION

Module		Function		Class		Link	Load	Size
../00-libfiles/gpio.c
		_GPIO_PinRead  		CODE           	08E2	0000	211
		_GPIO_PinWrite 		CODE           	0622	0000	353
		_GPIO_PinDirection		CODE           	0782	0000	353

../00-libfiles/gpio.c estimated size: 917

../00-libfiles/lcd.c
		_LCD_Init      		CODE           	0B20	0000	91
		_lcd_SendHigherNibble		CODE           	0C72	0000	77
		_lcd_SendCmdSignals		CODE           	0D2A	0000	55
		_LCD_SetUp     		CODE           	09B4	0000	193
		_lcd_SendLowerNibble		CODE           	0C26	0000	77
		_LCD_CmdWrite  		CODE           	0D92	0000	51
		_LCD_Clear     		CODE           	0E98	0000	15
		_LCD_DisplayString		CODE           	0DEE	0000	43
		_LCD_GoToLine  		CODE           	0DC4	0000	43
		_lcd_BusyCheck 		CODE           	0A74	0000	173
		_LCD_GoToNextLine		CODE           	0E18	0000	43
		_lcd_Reset     		CODE           	0B7A	0000	91
		_lcd_DataWrite 		CODE           	0D60	0000	51
		_LCD_DisplayChar		CODE           	0E42	0000	39
		_lcd_SendDataSignals		CODE           	0CF4	0000	55

../00-libfiles/lcd.c estimated size: 1097

../00-libfiles/delay.c
		_DELAY_ms      		CODE           	0E68	0000	31
		_DELAY_us      		CODE           	0E86	0000	19

../00-libfiles/delay.c estimated size: 50

shared
		__initialization		CODE           	0CBE	0000	45

shared estimated size: 45

main.c
		_main          		CODE           	0BD4	0000	83

main.c estimated size: 83

