Microchip MPLAB XC8 Compiler V1.36 ()

Linker command line:

-W-3 --edf=C:\Program Files\Microchip\xc8\v1.36\dat\en_msgs.txt -cs \
  -h+dist/default/production\06a_UART_Tx_Char.X.production.sym \
  --cmf=dist/default/production\06a_UART_Tx_Char.X.production.cmf -z \
  -Q18F4520 -oC:\Users\bagwan\AppData\Local\Temp\s43s.2 \
  -Mdist/default/production/06a_UART_Tx_Char.X.production.map -E1 -ver=XC8 \
  -ASTACK=080h-05ffh -pstack=STACK -ACODE=00h-07BFFh,07F01h-07FFFh \
  -ACONST=00h-07BFFh,07F01h-07FFFh \
  -ASMALLCONST=0600h-06FFhx118,07F01h-07FFFh \
  -AMEDIUMCONST=0600h-07BFFh,07F01h-07FFFh -ACOMRAM=01h-07Fh \
  -AABS1=00h-05FFh -ABIGRAM=01h-05FFh -ARAM=080h-0FFh,0100h-01FFhx5 \
  -ABANK0=080h-0FFh -ABANK1=0100h-01FFh -ABANK2=0200h-02FFh \
  -ABANK3=0300h-03FFh -ABANK4=0400h-04FFh -ABANK5=0500h-05FFh \
  -ASFR=0F80h-0FFFh -preset_vec=00h,intcode,intcodelo,powerup,init,end_init \
  -pramtop=0600h -psmallconst=SMALLCONST -pmediumconst=MEDIUMCONST \
  -pconst=CONST -AFARRAM=00h-00h -ACONFIG=0300000h-030000Dh -pconfig=CONFIG \
  -AIDLOC=0200000h-0200007h -pidloc=IDLOC -AEEDATA=0F00000h-0F000FFh \
  -peeprom_data=EEDATA \
  -prdata=COMRAM,nvrram=COMRAM,nvbit=COMRAM,rbss=COMRAM,rbit=COMRAM \
  -pfarbss=FARRAM,fardata=FARRAM,nvFARRAM=FARRAM \
  -pintsave_regs=BIGRAM,bigbss=BIGRAM,bigdata=BIGRAM -pbss=RAM \
  -pidata=CODE,irdata=CODE,ibigdata=CODE,ifardata=CODE -prparam=COMRAM \
  C:\Users\bagwan\AppData\Local\Temp\s43s.obj \
  dist/default/production\06a_UART_Tx_Char.X.production.obj 

Object code version is 3.11

Machine type is 18F4520

Call graph: (short form)




                Name                               Link     Load   Length Selector   Space Scale
C:\Users\bagwan\AppData\Local\Temp\s43s.obj
                end_init                              0        0        4        0       0
                idloc                            200000   200000        8   200000       0
                config                           300000   300000        E   300000       0
dist/default/production\06a_UART_Tx_Char.X.production.obj
                text4                              7B7E     7B7E       82     3DBF       0
                text3                              7B08     7B08       76     3D84       0
                text2                              7AE6     7AE6       22     3D73       0
                text1                              7ABC     7ABC        E     3D5E       0
                text0                              7ACA     7ACA       1C     3D65       0
                cstackCOMRAM                          1        1       1A        1       1
                cinit                              7AB2     7AB2        A     3D59       0

TOTAL           Name                               Link     Load   Length     Space
        CLASS   STACK          

        CLASS   CODE           
                end_init                              0        0        4         0
                text4                              7B7E     7B7E       82         0
                text3                              7B08     7B08       76         0
                text2                              7AE6     7AE6       22         0
                text1                              7ABC     7ABC        E         0
                text0                              7ACA     7ACA       1C         0
                cinit                              7AB2     7AB2        A         0

        CLASS   CONST          

        CLASS   SMALLCONST     

        CLASS   MEDIUMCONST    

        CLASS   COMRAM         
                cstackCOMRAM                          1        1       1A         1

        CLASS   ABS1           

        CLASS   BIGRAM         

        CLASS   RAM            

        CLASS   BANK0          

        CLASS   BANK1          

        CLASS   BANK2          

        CLASS   BANK3          

        CLASS   BANK4          

        CLASS   BANK5          

        CLASS   SFR            

        CLASS   FARRAM         

        CLASS   CONFIG         
                config                           300000   300000        E         0

        CLASS   IDLOC          
                idloc                            200000   200000        8         0

        CLASS   EEDATA         



SEGMENTS        Name                           Load    Length   Top    Selector   Space  Class

                reset_vec                      000000  000004  000004         0       0  CODE    
                cstackCOMRAM                   000001  00001A  00001B         1       1  COMRAM  
                cinit                          007AB2  00000A  007ABC      3D59       0  CODE    
                text1                          007ABC  00000E  007ACA      3D5E       0  CODE    
                text0                          007ACA  00001C  007AE6      3D65       0  CODE    
                text2                          007AE6  000022  007B08      3D73       0  CODE    
                text3                          007B08  000076  007B7E      3D84       0  CODE    
                text4                          007B7E  000082  007C00      3DBF       0  CODE    
                idloc                          200000  000008  200008    200000       0  IDLOC   
                config                         300000  00000E  30000E    300000       0  CONFIG  


UNUSED ADDRESS RANGES

        Name                Unused          Largest block    Delta
        BANK0            000080-0000FF               80
        BANK1            000100-0001FF              100
        BANK2            000200-0002FF              100
        BANK3            000300-0003FF              100
        BANK4            000400-0004FF              100
        BANK5            000500-0005FF              100
        BIGRAM           00001B-0005FF              5E5
        CODE             000004-007AB1             7AAE
                         007F01-007FFF               FF
        COMRAM           00001B-00007F               65
        CONST            000004-007AB1             7AAE
                         007F01-007FFF               FF
        EEDATA           F00000-F000FF              100
        MEDIUMCONST      000600-007AB1             74B2
                         007F01-007FFF               FF
        RAM              000080-0005FF              100
        SFR              000F80-000FFF               80
        SMALLCONST       000600-007AB1              100
                         007F01-007FFF               FF
        STACK            000080-0005FF              580

                                  Symbol Table

?___lldiv                       cstackCOMRAM 000001
UART_Init@v_baudRate_u32        cstackCOMRAM 000017
UART_SetBaudRate@RegValue       cstackCOMRAM 000016
UART_SetBaudRate@v_baudRate_u32 cstackCOMRAM 00000E
UART_TxChar@v_uartData_u8       cstackCOMRAM 000001
_RCIF                           (abs)        007CF5
_RCREG                          (abs)        000FAE
_RCSTA                          (abs)        000FAB
_SPBRG                          (abs)        000FAF
_TRISC                          (abs)        000F94
_TXIF                           (abs)        007CF4
_TXREG                          (abs)        000FAD
_TXSTA                          (abs)        000FAC
_UART_Init                      text2        007AE6
_UART_SetBaudRate               text3        007B08
_UART_TxChar                    text1        007ABC
__CFG_BOREN$OFF                 (abs)        000000
__CFG_BORV$2                    (abs)        000000
__CFG_CCP2MX$PORTC              (abs)        000000
__CFG_CP0$OFF                   (abs)        000000
__CFG_CP1$OFF                   (abs)        000000
__CFG_CP2$OFF                   (abs)        000000
__CFG_CP3$OFF                   (abs)        000000
__CFG_CPB$OFF                   (abs)        000000
__CFG_CPD$OFF                   (abs)        000000
__CFG_EBTR0$OFF                 (abs)        000000
__CFG_EBTR1$OFF                 (abs)        000000
__CFG_EBTR2$OFF                 (abs)        000000
__CFG_EBTR3$OFF                 (abs)        000000
__CFG_EBTRB$OFF                 (abs)        000000
__CFG_FCMEN$OFF                 (abs)        000000
__CFG_IESO$OFF                  (abs)        000000
__CFG_LPT1OSC$OFF               (abs)        000000
__CFG_LVP$OFF                   (abs)        000000
__CFG_MCLRE$ON                  (abs)        000000
__CFG_OSC$HS                    (abs)        000000
__CFG_PBADEN$OFF                (abs)        000000
__CFG_PWRT$OFF                  (abs)        000000
__CFG_STVREN$OFF                (abs)        000000
__CFG_WDT$OFF                   (abs)        000000
__CFG_WDTPS$32768               (abs)        000000
__CFG_WRT0$OFF                  (abs)        000000
__CFG_WRT1$OFF                  (abs)        000000
__CFG_WRT2$OFF                  (abs)        000000
__CFG_WRT3$OFF                  (abs)        000000
__CFG_WRTB$OFF                  (abs)        000000
__CFG_WRTC$OFF                  (abs)        000000
__CFG_WRTD$OFF                  (abs)        000000
__CFG_XINST$OFF                 (abs)        000000
__HRAM                          (abs)        000000
__Habs1                         abs1         000000
__Hbank0                        bank0        000000
__Hbank1                        bank1        000000
__Hbank2                        bank2        000000
__Hbank3                        bank3        000000
__Hbank4                        bank4        000000
__Hbank5                        bank5        000000
__Hbigbss                       bigbss       000000
__Hbigdata                      bigdata      000000
__Hbigram                       bigram       000000
__Hbss                          bss          000000
__Hcinit                        cinit        000000
__Hclrtext                      clrtext      000000
__Hcomram                       comram       000000
__Hconfig                       config       30000E
__Hconst                        const        000000
__HcstackCOMRAM                 cstackCOMRAM 000000
__Hdata                         data         000000
__Heeprom_data                  eeprom_data  000000
__Hend_init                     end_init     000004
__Hfarbss                       farbss       000000
__Hfardata                      fardata      000000
__Hibigdata                     ibigdata     000000
__Hidata                        idata        000000
__Hidloc                        idloc        200008
__Hifardata                     ifardata     000000
__Hinit                         init         000000
__Hintcode                      intcode      000000
__Hintcode_body                 intcode_body 000000
__Hintcodelo                    intcodelo    000000
__Hintentry                     intentry     000000
__Hintret                       intret       000000
__Hintsave_regs                 intsave_regs 000000
__Hirdata                       irdata       000000
__Hmediumconst                  mediumconst  000000
__HnvFARRAM                     nvFARRAM     000000
__Hnvbit                        nvbit        000000
__Hnvrram                       nvrram       000000
__Hparam                        rparam       000000
__Hpowerup                      powerup      000000
__Hram                          ram          000000
__Hramtop                       ramtop       000600
__Hrbit                         rbit         000000
__Hrbss                         rbss         000000
__Hrdata                        rdata        000000
__Hreset_vec                    reset_vec    000000
__Hrparam                       rparam       000000
__Hsfr                          sfr          000000
__Hsmallconst                   smallconst   000000
__Hspace_0                      (abs)        30000E
__Hspace_1                      (abs)        00001B
__Hspace_2                      (abs)        000000
__Hstack                        stack        000000
__Hstruct                       struct       000000
__Htemp                         temp         000000
__Htext                         text         000000
__Htext0                        text0        000000
__Htext1                        text1        000000
__Htext2                        text2        000000
__Htext3                        text3        000000
__Htext4                        text4        000000
__LRAM                          (abs)        000001
__Labs1                         abs1         000000
__Lbank0                        bank0        000000
__Lbank1                        bank1        000000
__Lbank2                        bank2        000000
__Lbank3                        bank3        000000
__Lbank4                        bank4        000000
__Lbank5                        bank5        000000
__Lbigbss                       bigbss       000000
__Lbigdata                      bigdata      000000
__Lbigram                       bigram       000000
__Lbss                          bss          000000
__Lcinit                        cinit        000000
__Lclrtext                      clrtext      000000
__Lcomram                       comram       000000
__Lconfig                       config       300000
__Lconst                        const        000000
__LcstackCOMRAM                 cstackCOMRAM 000000
__Ldata                         data         000000
__Leeprom_data                  eeprom_data  000000
__Lend_init                     end_init     000000
__Lfarbss                       farbss       000000
__Lfardata                      fardata      000000
__Libigdata                     ibigdata     000000
__Lidata                        idata        000000
__Lidloc                        idloc        200000
__Lifardata                     ifardata     000000
__Linit                         init         000000
__Lintcode                      intcode      000000
__Lintcode_body                 intcode_body 000000
__Lintcodelo                    intcodelo    000000
__Lintentry                     intentry     000000
__Lintret                       intret       000000
__Lintsave_regs                 intsave_regs 000000
__Lirdata                       irdata       000000
__Lmediumconst                  mediumconst  000000
__LnvFARRAM                     nvFARRAM     000000
__Lnvbit                        nvbit        000000
__Lnvrram                       nvrram       000000
__Lparam                        rparam       000000
__Lpowerup                      powerup      000000
__Lram                          ram          000000
__Lramtop                       ramtop       000600
__Lrbit                         rbit         000000
__Lrbss                         rbss         000000
__Lrdata                        rdata        000000
__Lreset_vec                    reset_vec    000000
__Lrparam                       rparam       000000
__Lsfr                          sfr          000000
__Lsmallconst                   smallconst   000000
__Lspace_0                      (abs)        000000
__Lspace_1                      (abs)        000000
__Lspace_2                      (abs)        000000
__Lstack                        stack        000000
__Lstruct                       struct       000000
__Ltemp                         temp         000000
__Ltext                         text         000000
__Ltext0                        text0        000000
__Ltext1                        text1        000000
__Ltext2                        text2        000000
__Ltext3                        text3        000000
__Ltext4                        text4        000000
__S0                            (abs)        30000E
__S1                            (abs)        00001B
__S2                            (abs)        000000
___inthi_sp                     stack        000000
___intlo_sp                     stack        000000
___lldiv                        text4        007B7E
___lldiv@counter                cstackCOMRAM 00000D
___lldiv@dividend               cstackCOMRAM 000001
___lldiv@divisor                cstackCOMRAM 000005
___lldiv@quotient               cstackCOMRAM 000009
___param_bank                   (abs)        000010
___rparam_used                  (abs)        000001
___sp                           stack        000000
__accesstop                     (abs)        000080
__activetblptr                  (abs)        000002
__end_of_UART_Init              text2        007B08
__end_of_UART_SetBaudRate       text3        007B7E
__end_of_UART_TxChar            text1        007ACA
__end_of___lldiv                text4        007C00
__end_of__initialization        cinit        007AB2
__end_of_main                   text0        007AE6
__initialization                cinit        007AB2
__mediumconst                   mediumconst  000000
__pcinit                        cinit        007AB2
__pcstackCOMRAM                 cstackCOMRAM 000001
__ptext0                        text0        007ACA
__ptext1                        text1        007ABC
__ptext2                        text2        007AE6
__ptext3                        text3        007B08
__ptext4                        text4        007B7E
__ramtop                        ramtop       000600
__size_of_UART_Init             (abs)        000000
__size_of_UART_SetBaudRate      (abs)        000000
__size_of_UART_TxChar           (abs)        000000
__size_of___lldiv               (abs)        000000
__size_of_main                  (abs)        000000
__smallconst                    smallconst   000000
_main                           text0        007ACA
end_of_initialization           cinit        007AB2
intlevel0                       text         000000
intlevel1                       text         000000
intlevel2                       text         000000
intlevel3                       text         000000
stackhi                         (abs)        0005FF
stacklo                         (abs)        000080
start                           init         000000
start_initialization            cinit        007AB2


FUNCTION INFORMATION:

 *************** function _main *****************
 Defined at:
		line 40 in file "main.c"
 Parameters:    Size  Location     Type
		None
 Auto vars:     Size  Location     Type
		None
 Return value:  Size  Location     Type
                  2  128[None  ] int 
 Registers used:
		wreg, status,2, status,0, cstack
 Tracked objects:
		On entry : 
		On exit  : 
		Unchanged: 
 Data sizes:     COMRAM   BANK0   BANK1   BANK2   BANK3   BANK4   BANK5
      Params:         0       0       0       0       0       0       0
      Locals:         0       0       0       0       0       0       0
      Temps:          0       0       0       0       0       0       0
      Totals:         0       0       0       0       0       0       0
Total ram usage:        0 bytes
 Hardware stack levels required when called:    3
 This function calls:
		_UART_Init
		_UART_TxChar
 This function is called by:
		Startup code after reset
 This function uses a non-reentrant model


 *************** function _UART_TxChar *****************
 Defined at:
		line 145 in file "../00-libfiles/uart.c"
 Parameters:    Size  Location     Type
  v_uartData_u    1    wreg     unsigned char 
 Auto vars:     Size  Location     Type
  v_uartData_u    1    0[COMRAM] unsigned char 
 Return value:  Size  Location     Type
                  1    wreg      void 
 Registers used:
		wreg
 Tracked objects:
		On entry : 
		On exit  : 
		Unchanged: 
 Data sizes:     COMRAM   BANK0   BANK1   BANK2   BANK3   BANK4   BANK5
      Params:         0       0       0       0       0       0       0
      Locals:         1       0       0       0       0       0       0
      Temps:          0       0       0       0       0       0       0
      Totals:         1       0       0       0       0       0       0
Total ram usage:        1 bytes
 Hardware stack levels used:    1
 This function calls:
		Nothing
 This function is called by:
		_main
		_UART_TxString
		_UART_RxString
		_UART_TxNumber
		_UART_Printf
 This function uses a non-reentrant model


 *************** function _UART_Init *****************
 Defined at:
		line 66 in file "../00-libfiles/uart.c"
 Parameters:    Size  Location     Type
  v_baudRate_u    4   22[COMRAM] unsigned long 
 Auto vars:     Size  Location     Type
		None
 Return value:  Size  Location     Type
                  1    wreg      void 
 Registers used:
		wreg, status,2, status,0, cstack
 Tracked objects:
		On entry : 
		On exit  : 
		Unchanged: 
 Data sizes:     COMRAM   BANK0   BANK1   BANK2   BANK3   BANK4   BANK5
      Params:         4       0       0       0       0       0       0
      Locals:         0       0       0       0       0       0       0
      Temps:          0       0       0       0       0       0       0
      Totals:         4       0       0       0       0       0       0
Total ram usage:        4 bytes
 Hardware stack levels used:    1
 Hardware stack levels required when called:    2
 This function calls:
		_UART_SetBaudRate
 This function is called by:
		_main
 This function uses a non-reentrant model


 *************** function _UART_SetBaudRate *****************
 Defined at:
		line 91 in file "../00-libfiles/uart.c"
 Parameters:    Size  Location     Type
  v_baudRate_u    4   13[COMRAM] unsigned long 
 Auto vars:     Size  Location     Type
  RegValue        1   21[COMRAM] unsigned char 
 Return value:  Size  Location     Type
                  1    wreg      void 
 Registers used:
		wreg, status,2, status,0, cstack
 Tracked objects:
		On entry : 
		On exit  : 
		Unchanged: 
 Data sizes:     COMRAM   BANK0   BANK1   BANK2   BANK3   BANK4   BANK5
      Params:         4       0       0       0       0       0       0
      Locals:         1       0       0       0       0       0       0
      Temps:          4       0       0       0       0       0       0
      Totals:         9       0       0       0       0       0       0
Total ram usage:        9 bytes
 Hardware stack levels used:    1
 Hardware stack levels required when called:    1
 This function calls:
		___lldiv
 This function is called by:
		_UART_Init
 This function uses a non-reentrant model


 *************** function ___lldiv *****************
 Defined at:
		line 8 in file "C:\Program Files\Microchip\xc8\v1.36\sources\common\lldiv.c"
 Parameters:    Size  Location     Type
  dividend        4    0[COMRAM] unsigned long 
  divisor         4    4[COMRAM] unsigned long 
 Auto vars:     Size  Location     Type
  quotient        4    8[COMRAM] unsigned long 
  counter         1   12[COMRAM] unsigned char 
 Return value:  Size  Location     Type
                  4    0[COMRAM] unsigned long 
 Registers used:
		wreg, status,2, status,0
 Tracked objects:
		On entry : 
		On exit  : 
		Unchanged: 
 Data sizes:     COMRAM   BANK0   BANK1   BANK2   BANK3   BANK4   BANK5
      Params:         8       0       0       0       0       0       0
      Locals:         5       0       0       0       0       0       0
      Temps:          0       0       0       0       0       0       0
      Totals:        13       0       0       0       0       0       0
Total ram usage:       13 bytes
 Hardware stack levels used:    1
 This function calls:
		Nothing
 This function is called by:
		_UART_SetBaudRate
		_UART_TxNumber
 This function uses a non-reentrant model



MODULE INFORMATION

Module		Function		Class		Link	Load	Size
../00-libfiles/uart.c
		_UART_Init     		CODE           	7AE6	0000	35
		_UART_SetBaudRate		CODE           	7B08	0000	119
		_UART_TxChar   		CODE           	7ABC	0000	15

../00-libfiles/uart.c estimated size: 169

shared
		__initialization		CODE           	7AB2	0000	1

shared estimated size: 1

C:\Program Files\Microchip\xc8\v1.36\sources\common\lldiv.c
		___lldiv       		CODE           	7B7E	0000	131

C:\Program Files\Microchip\xc8\v1.36\sources\common\lldiv.c estimated size: 131

main.c
		_main          		CODE           	7ACA	0000	29

main.c estimated size: 29

