Microchip MPLAB XC8 Compiler V1.36 ()

Linker command line:

-W-3 --edf=C:\Program Files\Microchip\xc8\v1.36\dat\en_msgs.txt -cs \
  -h+dist/default/production\Pic18f4520StarterBoardTest.production.sym \
  --cmf=dist/default/production\Pic18f4520StarterBoardTest.production.cmf \
  -z -Q18F4520 -oC:\Users\bagwan\AppData\Local\Temp\s498.2 \
  -Mdist/default/production/Pic18f4520StarterBoardTest.production.map -E1 \
  -ver=XC8 -ASTACK=080h-05ffh -pstack=STACK -ACODE=00h-07BFFh,07F01h-07FFFh \
  -ACONST=00h-07BFFh,07F01h-07FFFh \
  -ASMALLCONST=0600h-06FFhx118,07F01h-07FFFh \
  -AMEDIUMCONST=0600h-07BFFh,07F01h-07FFFh -ACOMRAM=01h-07Fh \
  -AABS1=00h-05FFh -ABIGRAM=01h-05FFh -ARAM=080h-0FFh,0100h-01FFhx5 \
  -ABANK0=080h-0FFh -ABANK1=0100h-01FFh -ABANK2=0200h-02FFh \
  -ABANK3=0300h-03FFh -ABANK4=0400h-04FFh -ABANK5=0500h-05FFh \
  -ASFR=0F80h-0FFFh -preset_vec=00h,intcode,intcodelo,powerup,init,end_init \
  -pramtop=0600h -psmallconst=SMALLCONST -pmediumconst=MEDIUMCONST \
  -pconst=CONST -AFARRAM=00h-00h -ACONFIG=0300000h-030000Dh -pconfig=CONFIG \
  -AIDLOC=0200000h-0200007h -pidloc=IDLOC -AEEDATA=0F00000h-0F000FFh \
  -peeprom_data=EEDATA \
  -prdata=COMRAM,nvrram=COMRAM,nvbit=COMRAM,rbss=COMRAM,rbit=COMRAM \
  -pfarbss=FARRAM,fardata=FARRAM,nvFARRAM=FARRAM \
  -pintsave_regs=BIGRAM,bigbss=BIGRAM,bigdata=BIGRAM -pbss=RAM \
  -pidata=CODE,irdata=CODE,ibigdata=CODE,ifardata=CODE -prparam=COMRAM \
  C:\Users\bagwan\AppData\Local\Temp\s498.obj \
  dist/default/production\Pic18f4520StarterBoardTest.production.obj 

Object code version is 3.11

Machine type is 18F4520

Call graph: (short form)




                Name                               Link     Load   Length Selector   Space Scale
C:\Users\bagwan\AppData\Local\Temp\s498.obj
                end_init                              0        0        4        0       0
                idloc                            200000   200000        8   200000       0
                config                           300000   300000        E   300000       0
dist/default/production\Pic18f4520StarterBoardTest.production.obj
                mediumconst                        7A9E     7A9E      162     3D4F       0
                text37                             6E94     6E94       82     374A       0
                text36                             6DA4     6DA4       76     36D2       0
                text35                             6968     6968       22     34B4       0
                text34                             68D4     68D4        A     346A       0
                text33                             6918     6918       12     348C       0
                text32                             6A88     6A88       32     3544       0
                text31                             68DE     68DE        E     346F       0
                text30                             68EC     68EC        E     3476       0
                text29                             7596     7596      1D0     3ACB       0
                text28                             69B0     69B0       2A     34D8       0
                text27                             7766     7766      338     3BB3       0
                text26                             6948     6948       20     34A4       0
                text25                             6908     6908       10     3484       0
                text24                             6A58     6A58       30     352C       0
                text23                             6E1A     6E1A       7A     370D       0
                text22                             692A     692A       1E     3495       0
                text21                             72D6     72D6      160     396B       0
                text20                             711A     711A       D2     388D       0
                text19                             7436     7436      160     3A1B       0
                text18                             6FAE     6FAE       AC     37D7       0
                text17                             6B1E     6B1E       36     358F       0
                text16                             6C06     6C06       4C     3603       0
                text15                             6C52     6C52       4C     3629       0
                text14                             6ABA     6ABA       32     355D       0
                text13                             69DA     69DA       2A     34ED       0
                text12                             6B54     6B54       36     35AA       0
                text11                             6AEC     6AEC       32     3576       0
                text10                             698A     698A       26     34C5       0
                text9                              6A04     6A04       2A     3502       0
                text8                              6A2E     6A2E       2A     3517       0
                text7                              68FA     68FA        E     347D       0
                text6                              6CF0     6CF0       5A     3678       0
                text5                              6D4A     6D4A       5A     36A5       0
                text4                              705A     705A       C0     382D       0
                text3                              6BC0     6BC0       46     35E0       0
                text2                              6F16     6F16       98     378B       0
                text1                              6C9E     6C9E       52     364F       0
                text0                              71EC     71EC       EA     38F6       0
                cstackCOMRAM                          1        1       4B        1       1
                dataCOMRAM                           64       64        4        1       1
                bssCOMRAM                            4C       4C       18        1       1
                cinit                              6B8A     6B8A       36     35C5       0
                idataCOMRAM                        68D0     68D0        4     68D0       0

TOTAL           Name                               Link     Load   Length     Space
        CLASS   STACK          

        CLASS   CODE           
                end_init                              0        0        4         0
                text37                             6E94     6E94       82         0
                text36                             6DA4     6DA4       76         0
                text35                             6968     6968       22         0
                text34                             68D4     68D4        A         0
                text33                             6918     6918       12         0
                text32                             6A88     6A88       32         0
                text31                             68DE     68DE        E         0
                text30                             68EC     68EC        E         0
                text29                             7596     7596      1D0         0
                text28                             69B0     69B0       2A         0
                text27                             7766     7766      338         0
                text26                             6948     6948       20         0
                text25                             6908     6908       10         0
                text24                             6A58     6A58       30         0
                text23                             6E1A     6E1A       7A         0
                text22                             692A     692A       1E         0
                text21                             72D6     72D6      160         0
                text20                             711A     711A       D2         0
                text19                             7436     7436      160         0
                text18                             6FAE     6FAE       AC         0
                text17                             6B1E     6B1E       36         0
                text16                             6C06     6C06       4C         0
                text15                             6C52     6C52       4C         0
                text14                             6ABA     6ABA       32         0
                text13                             69DA     69DA       2A         0
                text12                             6B54     6B54       36         0
                text11                             6AEC     6AEC       32         0
                text10                             698A     698A       26         0
                text9                              6A04     6A04       2A         0
                text8                              6A2E     6A2E       2A         0
                text7                              68FA     68FA        E         0
                text6                              6CF0     6CF0       5A         0
                text5                              6D4A     6D4A       5A         0
                text4                              705A     705A       C0         0
                text3                              6BC0     6BC0       46         0
                text2                              6F16     6F16       98         0
                text1                              6C9E     6C9E       52         0
                text0                              71EC     71EC       EA         0
                cinit                              6B8A     6B8A       36         0
                idataCOMRAM                        68D0     68D0        4         0

        CLASS   CONST          

        CLASS   SMALLCONST     

        CLASS   MEDIUMCONST    
                mediumconst                        7A9E     7A9E      162         0

        CLASS   COMRAM         
                cstackCOMRAM                          1        1       4B         1
                dataCOMRAM                           64       64        4         1
                bssCOMRAM                            4C       4C       18         1

        CLASS   ABS1           

        CLASS   BIGRAM         

        CLASS   RAM            

        CLASS   BANK0          

        CLASS   BANK1          

        CLASS   BANK2          

        CLASS   BANK3          

        CLASS   BANK4          

        CLASS   BANK5          

        CLASS   SFR            

        CLASS   FARRAM         

        CLASS   CONFIG         
                config                           300000   300000        E         0

        CLASS   IDLOC          
                idloc                            200000   200000        8         0

        CLASS   EEDATA         



SEGMENTS        Name                           Load    Length   Top    Selector   Space  Class

                reset_vec                      000000  000004  000004         0       0  CODE    
                cstackCOMRAM                   000001  000067  000068         1       1  COMRAM  
                idataCOMRAM                    0068D0  000004  0068D4      68D0       0  CODE    
                text34                         0068D4  00000A  0068DE      346A       0  CODE    
                text31                         0068DE  00000E  0068EC      346F       0  CODE    
                text30                         0068EC  00000E  0068FA      3476       0  CODE    
                text7                          0068FA  00000E  006908      347D       0  CODE    
                text25                         006908  000010  006918      3484       0  CODE    
                text33                         006918  000012  00692A      348C       0  CODE    
                text22                         00692A  00001E  006948      3495       0  CODE    
                text26                         006948  000020  006968      34A4       0  CODE    
                text35                         006968  000022  00698A      34B4       0  CODE    
                text10                         00698A  000026  0069B0      34C5       0  CODE    
                text28                         0069B0  00002A  0069DA      34D8       0  CODE    
                text13                         0069DA  00002A  006A04      34ED       0  CODE    
                text9                          006A04  00002A  006A2E      3502       0  CODE    
                text8                          006A2E  00002A  006A58      3517       0  CODE    
                text24                         006A58  000030  006A88      352C       0  CODE    
                text32                         006A88  000032  006ABA      3544       0  CODE    
                text14                         006ABA  000032  006AEC      355D       0  CODE    
                text11                         006AEC  000032  006B1E      3576       0  CODE    
                text17                         006B1E  000036  006B54      358F       0  CODE    
                text12                         006B54  000036  006B8A      35AA       0  CODE    
                cinit                          006B8A  000036  006BC0      35C5       0  CODE    
                text3                          006BC0  000046  006C06      35E0       0  CODE    
                text16                         006C06  00004C  006C52      3603       0  CODE    
                text15                         006C52  00004C  006C9E      3629       0  CODE    
                text1                          006C9E  000052  006CF0      364F       0  CODE    
                text6                          006CF0  00005A  006D4A      3678       0  CODE    
                text5                          006D4A  00005A  006DA4      36A5       0  CODE    
                text36                         006DA4  000076  006E1A      36D2       0  CODE    
                text23                         006E1A  00007A  006E94      370D       0  CODE    
                text37                         006E94  000082  006F16      374A       0  CODE    
                text2                          006F16  000098  006FAE      378B       0  CODE    
                text18                         006FAE  0000AC  00705A      37D7       0  CODE    
                text4                          00705A  0000C0  00711A      382D       0  CODE    
                text20                         00711A  0000D2  0071EC      388D       0  CODE    
                text0                          0071EC  0000EA  0072D6      38F6       0  CODE    
                text21                         0072D6  000160  007436      396B       0  CODE    
                text19                         007436  000160  007596      3A1B       0  CODE    
                text29                         007596  0001D0  007766      3ACB       0  CODE    
                text27                         007766  000338  007A9E      3BB3       0  CODE    
                mediumconst                    007A9E  000162  007C00      3D4F       0  MEDIUMCO
                idloc                          200000  000008  200008    200000       0  IDLOC   
                config                         300000  00000E  30000E    300000       0  CONFIG  


UNUSED ADDRESS RANGES

        Name                Unused          Largest block    Delta
        BANK0            000080-0000FF               80
        BANK1            000100-0001FF              100
        BANK2            000200-0002FF              100
        BANK3            000300-0003FF              100
        BANK4            000400-0004FF              100
        BANK5            000500-0005FF              100
        BIGRAM           000068-0005FF              598
        CODE             000004-0068CF             68CC
                         007F01-007FFF               FF
        COMRAM           000068-00007F               18
        CONST            000004-0068CF             68CC
                         007F01-007FFF               FF
        EEDATA           F00000-F000FF              100
        MEDIUMCONST      000600-0068CF             62D0
                         007F01-007FFF               FF
        RAM              000080-0005FF              100
        SFR              000F80-000FFF               80
        SMALLCONST       000600-0068CF              100
                         007F01-007FFF               FF
        STACK            000080-0005FF              580

                                  Symbol Table

?_ADC_GetAdcValue                        cstackCOMRAM 000003
?_UART_Printf                            cstackCOMRAM 00002C
?___lldiv                                cstackCOMRAM 000001
ADC_GetAdcValue@var_adcChannel_u8        cstackCOMRAM 000007
DELAY_ms@ms_count                        cstackCOMRAM 000003
DELAY_us@us_count                        cstackCOMRAM 000001
EEPROM_ReadByte@v_eepromAddress_u16      cstackCOMRAM 000001
EEPROM_WriteByte@gie_value               cstackCOMRAM 000004
EEPROM_WriteByte@v_eepromAddress_u16     cstackCOMRAM 000001
EEPROM_WriteByte@v_eepromData_u8         cstackCOMRAM 000003
GPIO_PinDirection@enm_pinNumber          cstackCOMRAM 000005
GPIO_PinDirection@var_pinDirn_u8         cstackCOMRAM 000001
GPIO_PinDirection@var_portNumber_u8      cstackCOMRAM 000004
GPIO_PinRead@enm_pinNumber               cstackCOMRAM 000005
GPIO_PinRead@returnStatus                cstackCOMRAM 000004
GPIO_PinRead@var_portNumber_u8           cstackCOMRAM 000003
GPIO_PinWrite@enm_pinNumber              cstackCOMRAM 00000A
GPIO_PinWrite@var_pinValue_u8            cstackCOMRAM 000006
GPIO_PinWrite@var_portNumber_u8          cstackCOMRAM 000009
LCD_CmdWrite@v_lcdCmd_u8                 cstackCOMRAM 00000C
LCD_DisplayChar@v_lcdData_u8             cstackCOMRAM 00000D
LCD_DisplayString@ptr_stringPointer_u8   cstackCOMRAM 00000E
LCD_GoToLine@v_lineNumber_u8             cstackCOMRAM 00000D
LCD_Init@v_MaxCharsPerLine_u8            cstackCOMRAM 00000E
LCD_Init@v_lcdNoOfLines_u8               cstackCOMRAM 00000F
LCD_SetUp@D0                             cstackCOMRAM 000008
LCD_SetUp@D1                             cstackCOMRAM 000009
LCD_SetUp@D2                             cstackCOMRAM 00000A
LCD_SetUp@D3                             cstackCOMRAM 00000B
LCD_SetUp@D4                             cstackCOMRAM 00000C
LCD_SetUp@D5                             cstackCOMRAM 00000D
LCD_SetUp@D6                             cstackCOMRAM 00000E
LCD_SetUp@D7                             cstackCOMRAM 00000F
LCD_SetUp@EN                             cstackCOMRAM 000007
LCD_SetUp@RS                             cstackCOMRAM 000010
LCD_SetUp@RW                             cstackCOMRAM 000006
UART_Init@v_baudRate_u32                 cstackCOMRAM 000017
UART_Printf@argList                      cstackCOMRAM 00002C
UART_Printf@argp                         cstackCOMRAM 000042
UART_Printf@ch                           cstackCOMRAM 000040
UART_Printf@ptr                          cstackCOMRAM 00003E
UART_Printf@str                          cstackCOMRAM 000030
UART_Printf@v_numOfDigitsToTransmit_u8   cstackCOMRAM 000041
UART_Printf@v_num_s16                    cstackCOMRAM 000036
UART_Printf@v_num_s32                    cstackCOMRAM 000032
UART_Printf@v_num_u16                    cstackCOMRAM 00003C
UART_Printf@v_num_u32                    cstackCOMRAM 000038
UART_SetBaudRate@RegValue                cstackCOMRAM 000016
UART_SetBaudRate@v_baudRate_u32          cstackCOMRAM 00000E
UART_TxChar@v_uartData_u8                cstackCOMRAM 000001
UART_TxNumber@a                          cstackCOMRAM 00001E
UART_TxNumber@i                          cstackCOMRAM 00002B
UART_TxNumber@v_numOfDigitsToTransmit_u8 cstackCOMRAM 000012
UART_TxNumber@v_number_u32               cstackCOMRAM 00000E
UART_TxNumber@v_numericSystem_u8         cstackCOMRAM 00002A
UART_TxString@ptr_string                 cstackCOMRAM 000002
_ADCON0                                  (abs)        000FC2
_ADCON1                                  (abs)        000FC1
_ADCON2                                  (abs)        000FC0
_ADC_GetAdcValue                         text32       006A88
_ADC_Init                                text31       0068DE
_ADON                                    (abs)        007E10
_ADRESH                                  (abs)        000FC4
_ADRESL                                  (abs)        000FC3
_ARR_LcdLineNumAddress_U8                dataCOMRAM   000064
_A_ColsPins_U8                           bssCOMRAM    00005A
_A_KeyLookUptable_U8                     mediumconst  007A9F
_A_RowsPins_U8                           bssCOMRAM    00005E
_DELAY_ms                                text22       00692A
_DELAY_us                                text33       006918
_EEADR                                   (abs)        000FA9
_EECON1                                  (abs)        000FA6
_EECON2                                  (abs)        000FA7
_EEDATA                                  (abs)        000FA8
_EEPROM_ReadByte                         text25       006908
_EEPROM_WriteByte                        text24       006A58
_GIE                                     (abs)        007F97
_GO                                      (abs)        007E11
_GO_DONE                                 (abs)        007E11
_GPIO_PinDirection                       text21       0072D6
_GPIO_PinRead                            text20       00711A
_GPIO_PinWrite                           text19       007436
_LATA                                    (abs)        000F89
_LATB                                    (abs)        000F8A
_LATC                                    (abs)        000F8B
_LATD                                    (abs)        000F8C
_LATE                                    (abs)        000F8D
_LCDConfig                               bssCOMRAM    00004C
_LCD_Clear                               text7        0068FA
_LCD_CmdWrite                            text14       006ABA
_LCD_DisplayChar                         text10       00698A
_LCD_DisplayString                       text9        006A04
_LCD_GoToLine                            text8        006A2E
_LCD_GoToNextLine                        text13       0069DA
_LCD_Init                                text5        006D4A
_LCD_SetUp                               text4        00705A
_PORTA                                   (abs)        000F80
_PORTB                                   (abs)        000F81
_PORTC                                   (abs)        000F82
_PORTD                                   (abs)        000F83
_PORTE                                   (abs)        000F84
_RCIF                                    (abs)        007CF5
_RCREG                                   (abs)        000FAE
_RCSTA                                   (abs)        000FAB
_SPBRG                                   (abs)        000FAF
_TRISA                                   (abs)        000F92
_TRISB                                   (abs)        000F93
_TRISC                                   (abs)        000F94
_TRISD                                   (abs)        000F95
_TRISE                                   (abs)        000F96
_TXIF                                    (abs)        007CF4
_TXREG                                   (abs)        000FAD
_TXSTA                                   (abs)        000FAC
_UART_Init                               text35       006968
_UART_Printf                             text27       007766
_UART_RxChar                             text34       0068D4
_UART_SetBaudRate                        text36       006DA4
_UART_TxChar                             text30       0068EC
_UART_TxNumber                           text29       007596
_UART_TxNumber$586                       cstackCOMRAM 000028
_UART_TxString                           text28       0069B0
__CFG_BOREN$OFF                          (abs)        000000
__CFG_BORV$2                             (abs)        000000
__CFG_CCP2MX$PORTC                       (abs)        000000
__CFG_CP0$OFF                            (abs)        000000
__CFG_CP1$OFF                            (abs)        000000
__CFG_CP2$OFF                            (abs)        000000
__CFG_CP3$OFF                            (abs)        000000
__CFG_CPB$OFF                            (abs)        000000
__CFG_CPD$OFF                            (abs)        000000
__CFG_EBTR0$OFF                          (abs)        000000
__CFG_EBTR1$OFF                          (abs)        000000
__CFG_EBTR2$OFF                          (abs)        000000
__CFG_EBTR3$OFF                          (abs)        000000
__CFG_EBTRB$OFF                          (abs)        000000
__CFG_FCMEN$OFF                          (abs)        000000
__CFG_IESO$OFF                           (abs)        000000
__CFG_LPT1OSC$OFF                        (abs)        000000
__CFG_LVP$OFF                            (abs)        000000
__CFG_MCLRE$ON                           (abs)        000000
__CFG_OSC$HS                             (abs)        000000
__CFG_PBADEN$OFF                         (abs)        000000
__CFG_PWRT$OFF                           (abs)        000000
__CFG_STVREN$OFF                         (abs)        000000
__CFG_WDT$OFF                            (abs)        000000
__CFG_WDTPS$32768                        (abs)        000000
__CFG_WRT0$OFF                           (abs)        000000
__CFG_WRT1$OFF                           (abs)        000000
__CFG_WRT2$OFF                           (abs)        000000
__CFG_WRT3$OFF                           (abs)        000000
__CFG_WRTB$OFF                           (abs)        000000
__CFG_WRTC$OFF                           (abs)        000000
__CFG_WRTD$OFF                           (abs)        000000
__CFG_XINST$OFF                          (abs)        000000
__HRAM                                   (abs)        000000
__Habs1                                  abs1         000000
__Hbank0                                 bank0        000000
__Hbank1                                 bank1        000000
__Hbank2                                 bank2        000000
__Hbank3                                 bank3        000000
__Hbank4                                 bank4        000000
__Hbank5                                 bank5        000000
__Hbigbss                                bigbss       000000
__Hbigdata                               bigdata      000000
__Hbigram                                bigram       000000
__Hbss                                   bss          000000
__HbssCOMRAM                             bssCOMRAM    000000
__Hcinit                                 cinit        000000
__Hclrtext                               clrtext      000000
__Hcomram                                comram       000000
__Hconfig                                config       30000E
__Hconst                                 const        000000
__HcstackCOMRAM                          cstackCOMRAM 000000
__Hdata                                  data         000000
__HdataCOMRAM                            dataCOMRAM   000000
__Heeprom_data                           eeprom_data  000000
__Hend_init                              end_init     000004
__Hfarbss                                farbss       000000
__Hfardata                               fardata      000000
__Hibigdata                              ibigdata     000000
__Hidata                                 idata        000000
__HidataCOMRAM                           idataCOMRAM  000000
__Hidloc                                 idloc        200008
__Hifardata                              ifardata     000000
__Hinit                                  init         000000
__Hintcode                               intcode      000000
__Hintcode_body                          intcode_body 000000
__Hintcodelo                             intcodelo    000000
__Hintentry                              intentry     000000
__Hintret                                intret       000000
__Hintsave_regs                          intsave_regs 000000
__Hirdata                                irdata       000000
__Hmediumconst                           mediumconst  007C00
__HnvFARRAM                              nvFARRAM     000000
__Hnvbit                                 nvbit        000000
__Hnvrram                                nvrram       000000
__Hparam                                 rparam       000000
__Hpowerup                               powerup      000000
__Hram                                   ram          000000
__Hramtop                                ramtop       000600
__Hrbit                                  rbit         000000
__Hrbss                                  rbss         000000
__Hrdata                                 rdata        000000
__Hreset_vec                             reset_vec    000000
__Hrparam                                rparam       000000
__Hsfr                                   sfr          000000
__Hsmallconst                            smallconst   000000
__Hspace_0                               (abs)        30000E
__Hspace_1                               (abs)        000068
__Hspace_2                               (abs)        000000
__Hstack                                 stack        000000
__Hstruct                                struct       000000
__Htemp                                  temp         000000
__Htext                                  text         000000
__Htext0                                 text0        000000
__Htext1                                 text1        000000
__Htext10                                text10       000000
__Htext11                                text11       000000
__Htext12                                text12       000000
__Htext13                                text13       000000
__Htext14                                text14       000000
__Htext15                                text15       000000
__Htext16                                text16       000000
__Htext17                                text17       000000
__Htext18                                text18       000000
__Htext19                                text19       000000
__Htext2                                 text2        000000
__Htext20                                text20       000000
__Htext21                                text21       000000
__Htext22                                text22       000000
__Htext23                                text23       000000
__Htext24                                text24       000000
__Htext25                                text25       000000
__Htext26                                text26       000000
__Htext27                                text27       000000
__Htext28                                text28       000000
__Htext29                                text29       000000
__Htext3                                 text3        000000
__Htext30                                text30       000000
__Htext31                                text31       000000
__Htext32                                text32       000000
__Htext33                                text33       000000
__Htext34                                text34       000000
__Htext35                                text35       000000
__Htext36                                text36       000000
__Htext37                                text37       000000
__Htext4                                 text4        000000
__Htext5                                 text5        000000
__Htext6                                 text6        000000
__Htext7                                 text7        000000
__Htext8                                 text8        000000
__Htext9                                 text9        000000
__LRAM                                   (abs)        000001
__Labs1                                  abs1         000000
__Lbank0                                 bank0        000000
__Lbank1                                 bank1        000000
__Lbank2                                 bank2        000000
__Lbank3                                 bank3        000000
__Lbank4                                 bank4        000000
__Lbank5                                 bank5        000000
__Lbigbss                                bigbss       000000
__Lbigdata                               bigdata      000000
__Lbigram                                bigram       000000
__Lbss                                   bss          000000
__LbssCOMRAM                             bssCOMRAM    000000
__Lcinit                                 cinit        000000
__Lclrtext                               clrtext      000000
__Lcomram                                comram       000000
__Lconfig                                config       300000
__Lconst                                 const        000000
__LcstackCOMRAM                          cstackCOMRAM 000000
__Ldata                                  data         000000
__LdataCOMRAM                            dataCOMRAM   000000
__Leeprom_data                           eeprom_data  000000
__Lend_init                              end_init     000000
__Lfarbss                                farbss       000000
__Lfardata                               fardata      000000
__Libigdata                              ibigdata     000000
__Lidata                                 idata        000000
__LidataCOMRAM                           idataCOMRAM  000000
__Lidloc                                 idloc        200000
__Lifardata                              ifardata     000000
__Linit                                  init         000000
__Lintcode                               intcode      000000
__Lintcode_body                          intcode_body 000000
__Lintcodelo                             intcodelo    000000
__Lintentry                              intentry     000000
__Lintret                                intret       000000
__Lintsave_regs                          intsave_regs 000000
__Lirdata                                irdata       000000
__Lmediumconst                           mediumconst  007A9E
__LnvFARRAM                              nvFARRAM     000000
__Lnvbit                                 nvbit        000000
__Lnvrram                                nvrram       000000
__Lparam                                 rparam       000000
__Lpowerup                               powerup      000000
__Lram                                   ram          000000
__Lramtop                                ramtop       000600
__Lrbit                                  rbit         000000
__Lrbss                                  rbss         000000
__Lrdata                                 rdata        000000
__Lreset_vec                             reset_vec    000000
__Lrparam                                rparam       000000
__Lsfr                                   sfr          000000
__Lsmallconst                            smallconst   000000
__Lspace_0                               (abs)        000000
__Lspace_1                               (abs)        000000
__Lspace_2                               (abs)        000000
__Lstack                                 stack        000000
__Lstruct                                struct       000000
__Ltemp                                  temp         000000
__Ltext                                  text         000000
__Ltext0                                 text0        000000
__Ltext1                                 text1        000000
__Ltext10                                text10       000000
__Ltext11                                text11       000000
__Ltext12                                text12       000000
__Ltext13                                text13       000000
__Ltext14                                text14       000000
__Ltext15                                text15       000000
__Ltext16                                text16       000000
__Ltext17                                text17       000000
__Ltext18                                text18       000000
__Ltext19                                text19       000000
__Ltext2                                 text2        000000
__Ltext20                                text20       000000
__Ltext21                                text21       000000
__Ltext22                                text22       000000
__Ltext23                                text23       000000
__Ltext24                                text24       000000
__Ltext25                                text25       000000
__Ltext26                                text26       000000
__Ltext27                                text27       000000
__Ltext28                                text28       000000
__Ltext29                                text29       000000
__Ltext3                                 text3        000000
__Ltext30                                text30       000000
__Ltext31                                text31       000000
__Ltext32                                text32       000000
__Ltext33                                text33       000000
__Ltext34                                text34       000000
__Ltext35                                text35       000000
__Ltext36                                text36       000000
__Ltext37                                text37       000000
__Ltext4                                 text4        000000
__Ltext5                                 text5        000000
__Ltext6                                 text6        000000
__Ltext7                                 text7        000000
__Ltext8                                 text8        000000
__Ltext9                                 text9        000000
__S0                                     (abs)        30000E
__S1                                     (abs)        000068
__S2                                     (abs)        000000
___inthi_sp                              stack        000000
___intlo_sp                              stack        000000
___lldiv                                 text37       006E94
___lldiv@counter                         cstackCOMRAM 00000D
___lldiv@dividend                        cstackCOMRAM 000001
___lldiv@divisor                         cstackCOMRAM 000005
___lldiv@quotient                        cstackCOMRAM 000009
___param_bank                            (abs)        000010
___rparam_used                           (abs)        000001
___sp                                    stack        000000
__accesstop                              (abs)        000080
__activetblptr                           (abs)        000002
__end_of_ADC_GetAdcValue                 text32       006ABA
__end_of_ADC_Init                        text31       0068EC
__end_of_A_KeyLookUptable_U8             mediumconst  007AAF
__end_of_DELAY_ms                        text22       006948
__end_of_DELAY_us                        text33       00692A
__end_of_EEPROM_ReadByte                 text25       006918
__end_of_EEPROM_WriteByte                text24       006A88
__end_of_GPIO_PinDirection               text21       007436
__end_of_GPIO_PinRead                    text20       0071EC
__end_of_GPIO_PinWrite                   text19       007596
__end_of_LCD_Clear                       text7        006908
__end_of_LCD_CmdWrite                    text14       006AEC
__end_of_LCD_DisplayChar                 text10       0069B0
__end_of_LCD_DisplayString               text9        006A2E
__end_of_LCD_GoToLine                    text8        006A58
__end_of_LCD_GoToNextLine                text13       006A04
__end_of_LCD_Init                        text5        006DA4
__end_of_LCD_SetUp                       text4        00711A
__end_of_UART_Init                       text35       00698A
__end_of_UART_Printf                     text27       007A9E
__end_of_UART_RxChar                     text34       0068DE
__end_of_UART_SetBaudRate                text36       006E1A
__end_of_UART_TxChar                     text30       0068FA
__end_of_UART_TxNumber                   text29       007766
__end_of_UART_TxString                   text28       0069DA
__end_of___lldiv                         text37       006F16
__end_of__initialization                 cinit        006BB6
__end_of_adc_Test                        text26       006968
__end_of_eeprom_Test                     text23       006E94
__end_of_lcd_BusyCheck                   text18       00705A
__end_of_lcd_DataWrite                   text11       006B1E
__end_of_lcd_Reset                       text6        006D4A
__end_of_lcd_SendCmdSignals              text17       006B54
__end_of_lcd_SendDataSignals             text12       006B8A
__end_of_lcd_SendHigherNibble            text16       006C52
__end_of_lcd_SendLowerNibble             text15       006C9E
__end_of_lcd_Test                        text3        006C06
__end_of_led_Test                        text2        006FAE
__end_of_main                            text0        0072D6
__end_of_switch_Test                     text1        006CF0
__initialization                         cinit        006B8A
__mediumconst                            mediumconst  007A9E
__pbssCOMRAM                             bssCOMRAM    00004C
__pcinit                                 cinit        006B8A
__pcstackCOMRAM                          cstackCOMRAM 000001
__pdataCOMRAM                            dataCOMRAM   000064
__pidataCOMRAM                           idataCOMRAM  0068D0
__pmediumconst                           mediumconst  007A9E
__ptext0                                 text0        0071EC
__ptext1                                 text1        006C9E
__ptext10                                text10       00698A
__ptext11                                text11       006AEC
__ptext12                                text12       006B54
__ptext13                                text13       0069DA
__ptext14                                text14       006ABA
__ptext15                                text15       006C52
__ptext16                                text16       006C06
__ptext17                                text17       006B1E
__ptext18                                text18       006FAE
__ptext19                                text19       007436
__ptext2                                 text2        006F16
__ptext20                                text20       00711A
__ptext21                                text21       0072D6
__ptext22                                text22       00692A
__ptext23                                text23       006E1A
__ptext24                                text24       006A58
__ptext25                                text25       006908
__ptext26                                text26       006948
__ptext27                                text27       007766
__ptext28                                text28       0069B0
__ptext29                                text29       007596
__ptext3                                 text3        006BC0
__ptext30                                text30       0068EC
__ptext31                                text31       0068DE
__ptext32                                text32       006A88
__ptext33                                text33       006918
__ptext34                                text34       0068D4
__ptext35                                text35       006968
__ptext36                                text36       006DA4
__ptext37                                text37       006E94
__ptext4                                 text4        00705A
__ptext5                                 text5        006D4A
__ptext6                                 text6        006CF0
__ptext7                                 text7        0068FA
__ptext8                                 text8        006A2E
__ptext9                                 text9        006A04
__ramtop                                 ramtop       000600
__size_of_ADC_GetAdcValue                (abs)        000000
__size_of_ADC_Init                       (abs)        000000
__size_of_DELAY_ms                       (abs)        000000
__size_of_DELAY_us                       (abs)        000000
__size_of_EEPROM_ReadByte                (abs)        000000
__size_of_EEPROM_WriteByte               (abs)        000000
__size_of_GPIO_PinDirection              (abs)        000000
__size_of_GPIO_PinRead                   (abs)        000000
__size_of_GPIO_PinWrite                  (abs)        000000
__size_of_LCD_Clear                      (abs)        000000
__size_of_LCD_CmdWrite                   (abs)        000000
__size_of_LCD_DisplayChar                (abs)        000000
__size_of_LCD_DisplayString              (abs)        000000
__size_of_LCD_GoToLine                   (abs)        000000
__size_of_LCD_GoToNextLine               (abs)        000000
__size_of_LCD_Init                       (abs)        000000
__size_of_LCD_SetUp                      (abs)        000000
__size_of_UART_Init                      (abs)        000000
__size_of_UART_Printf                    (abs)        000000
__size_of_UART_RxChar                    (abs)        000000
__size_of_UART_SetBaudRate               (abs)        000000
__size_of_UART_TxChar                    (abs)        000000
__size_of_UART_TxNumber                  (abs)        000000
__size_of_UART_TxString                  (abs)        000000
__size_of___lldiv                        (abs)        000000
__size_of_adc_Test                       (abs)        000000
__size_of_eeprom_Test                    (abs)        000000
__size_of_lcd_BusyCheck                  (abs)        000000
__size_of_lcd_DataWrite                  (abs)        000000
__size_of_lcd_Reset                      (abs)        000000
__size_of_lcd_SendCmdSignals             (abs)        000000
__size_of_lcd_SendDataSignals            (abs)        000000
__size_of_lcd_SendHigherNibble           (abs)        000000
__size_of_lcd_SendLowerNibble            (abs)        000000
__size_of_lcd_Test                       (abs)        000000
__size_of_led_Test                       (abs)        000000
__size_of_main                           (abs)        000000
__size_of_switch_Test                    (abs)        000000
__smallconst                             smallconst   000000
_adc_Test                                text26       006948
_eeprom_Test                             text23       006E1A
_lcd_BusyCheck                           text18       006FAE
_lcd_DataWrite                           text11       006AEC
_lcd_Reset                               text6        006CF0
_lcd_SendCmdSignals                      text17       006B1E
_lcd_SendDataSignals                     text12       006B54
_lcd_SendHigherNibble                    text16       006C06
_lcd_SendLowerNibble                     text15       006C52
_lcd_Test                                text3        006BC0
_led_Test                                text2        006F16
_main                                    text0        0071EC
_switch_Test                             text1        006C9E
_v_LcdTrackCursorPos_U8                  bssCOMRAM    000062
_v_LcdTrackLineNum_U8                    bssCOMRAM    000063
eeprom_Test@eeprom_address               cstackCOMRAM 000047
eeprom_Test@read_char                    cstackCOMRAM 000045
eeprom_Test@write_char                   cstackCOMRAM 000049
end_of_initialization                    cinit        006BB6
intlevel0                                text         000000
intlevel1                                text         000000
intlevel2                                text         000000
intlevel3                                text         000000
lcd_BusyCheck@busyflag                   cstackCOMRAM 00000B
lcd_DataWrite@dataByte                   cstackCOMRAM 00000C
lcd_SendHigherNibble@dataByte            cstackCOMRAM 00000B
lcd_SendLowerNibble@dataByte             cstackCOMRAM 00000B
led_Test@i                               cstackCOMRAM 000005
led_Test@pattern                         cstackCOMRAM 000007
main@option                              cstackCOMRAM 00004B
stackhi                                  (abs)        0005FF
stacklo                                  (abs)        000080
start                                    init         000000
start_initialization                     cinit        006B8A


FUNCTION INFORMATION:

 *************** function _main *****************
 Defined at:
		line 57 in file "main.c"
 Parameters:    Size  Location     Type
		None
 Auto vars:     Size  Location     Type
  option          1   74[COMRAM] unsigned char 
 Return value:  Size  Location     Type
                  2   62[None  ] int 
 Registers used:
		wreg, fsr2l, fsr2h, status,2, status,0, tblptrl, tblptrh, tblptru, prodl, prodh, cstack
 Tracked objects:
		On entry : 
		On exit  : 
		Unchanged: 
 Data sizes:     COMRAM   BANK0   BANK1   BANK2   BANK3   BANK4   BANK5
      Params:         0       0       0       0       0       0       0
      Locals:         1       0       0       0       0       0       0
      Temps:          0       0       0       0       0       0       0
      Totals:         1       0       0       0       0       0       0
Total ram usage:        1 bytes
 Hardware stack levels required when called:    8
 This function calls:
		_DELAY_ms
		_GPIO_PinDirection
		_GPIO_PinRead
		_GPIO_PinWrite
		_UART_Init
		_UART_Printf
		_UART_RxChar
		_adc_Test
		_eeprom_Test
		_lcd_Test
		_led_Test
		_switch_Test
 This function is called by:
		Startup code after reset
 This function uses a non-reentrant model


 *************** function _switch_Test *****************
 Defined at:
		line 176 in file "main.c"
 Parameters:    Size  Location     Type
		None
 Auto vars:     Size  Location     Type
		None
 Return value:  Size  Location     Type
                  1    wreg      void 
 Registers used:
		wreg, status,2, status,0, tblptrl, tblptrh, tblptru, cstack
 Tracked objects:
		On entry : 
		On exit  : 
		Unchanged: 
 Data sizes:     COMRAM   BANK0   BANK1   BANK2   BANK3   BANK4   BANK5
      Params:         0       0       0       0       0       0       0
      Locals:         0       0       0       0       0       0       0
      Temps:          0       0       0       0       0       0       0
      Totals:         0       0       0       0       0       0       0
Total ram usage:        0 bytes
 Hardware stack levels used:    1
 Hardware stack levels required when called:    2
 This function calls:
		_GPIO_PinDirection
		_GPIO_PinRead
		_GPIO_PinWrite
		_UART_TxString
 This function is called by:
		_main
 This function uses a non-reentrant model


 *************** function _led_Test *****************
 Defined at:
		line 120 in file "main.c"
 Parameters:    Size  Location     Type
		None
 Auto vars:     Size  Location     Type
  pattern         2    6[COMRAM] int 
  i               2    4[COMRAM] int 
 Return value:  Size  Location     Type
                  1    wreg      void 
 Registers used:
		wreg, status,2, status,0, cstack
 Tracked objects:
		On entry : 
		On exit  : 
		Unchanged: 
 Data sizes:     COMRAM   BANK0   BANK1   BANK2   BANK3   BANK4   BANK5
      Params:         0       0       0       0       0       0       0
      Locals:         4       0       0       0       0       0       0
      Temps:          0       0       0       0       0       0       0
      Totals:         4       0       0       0       0       0       0
Total ram usage:        4 bytes
 Hardware stack levels used:    1
 Hardware stack levels required when called:    2
 This function calls:
		_DELAY_ms
 This function is called by:
		_main
 This function uses a non-reentrant model


 *************** function _lcd_Test *****************
 Defined at:
		line 163 in file "main.c"
 Parameters:    Size  Location     Type
		None
 Auto vars:     Size  Location     Type
		None
 Return value:  Size  Location     Type
                  1    wreg      void 
 Registers used:
		wreg, fsr2l, fsr2h, status,2, status,0, tblptrl, tblptrh, tblptru, prodl, prodh, cstack
 Tracked objects:
		On entry : 
		On exit  : 
		Unchanged: 
 Data sizes:     COMRAM   BANK0   BANK1   BANK2   BANK3   BANK4   BANK5
      Params:         0       0       0       0       0       0       0
      Locals:         0       0       0       0       0       0       0
      Temps:          0       0       0       0       0       0       0
      Totals:         0       0       0       0       0       0       0
Total ram usage:        0 bytes
 Hardware stack levels used:    1
 Hardware stack levels required when called:    7
 This function calls:
		_LCD_DisplayString
		_LCD_Init
		_LCD_SetUp
 This function is called by:
		_main
 This function uses a non-reentrant model


 *************** function _LCD_SetUp *****************
 Defined at:
		line 135 in file "../00-libfiles/lcd.c"
 Parameters:    Size  Location     Type
  RS              1    wreg     enum E3222
  RW              1    5[COMRAM] enum E3222
  EN              1    6[COMRAM] enum E3222
  D0              1    7[COMRAM] enum E3222
  D1              1    8[COMRAM] enum E3222
  D2              1    9[COMRAM] enum E3222
  D3              1   10[COMRAM] enum E3222
  D4              1   11[COMRAM] enum E3222
  D5              1   12[COMRAM] enum E3222
  D6              1   13[COMRAM] enum E3222
  D7              1   14[COMRAM] enum E3222
 Auto vars:     Size  Location     Type
  RS              1   15[COMRAM] enum E3222
 Return value:  Size  Location     Type
                  1    wreg      void 
 Registers used:
		wreg, status,2, status,0, cstack
 Tracked objects:
		On entry : 
		On exit  : 
		Unchanged: 
 Data sizes:     COMRAM   BANK0   BANK1   BANK2   BANK3   BANK4   BANK5
      Params:        10       0       0       0       0       0       0
      Locals:         1       0       0       0       0       0       0
      Temps:          0       0       0       0       0       0       0
      Totals:        11       0       0       0       0       0       0
Total ram usage:       11 bytes
 Hardware stack levels used:    1
 Hardware stack levels required when called:    1
 This function calls:
		_GPIO_PinDirection
 This function is called by:
		_lcd_Test
 This function uses a non-reentrant model


 *************** function _LCD_Init *****************
 Defined at:
		line 198 in file "../00-libfiles/lcd.c"
 Parameters:    Size  Location     Type
  v_lcdNoOfLin    1    wreg     unsigned char 
  v_MaxCharsPe    1   13[COMRAM] unsigned char 
 Auto vars:     Size  Location     Type
  v_lcdNoOfLin    1   14[COMRAM] unsigned char 
 Return value:  Size  Location     Type
                  1    wreg      void 
 Registers used:
		wreg, fsr2l, fsr2h, status,2, status,0, prodl, prodh, cstack
 Tracked objects:
		On entry : 
		On exit  : 
		Unchanged: 
 Data sizes:     COMRAM   BANK0   BANK1   BANK2   BANK3   BANK4   BANK5
      Params:         1       0       0       0       0       0       0
      Locals:         1       0       0       0       0       0       0
      Temps:          0       0       0       0       0       0       0
      Totals:         2       0       0       0       0       0       0
Total ram usage:        2 bytes
 Hardware stack levels used:    1
 Hardware stack levels required when called:    6
 This function calls:
		_DELAY_ms
		_LCD_Clear
		_LCD_CmdWrite
		_lcd_Reset
 This function is called by:
		_lcd_Test
 This function uses a non-reentrant model


 *************** function _lcd_Reset *****************
 Defined at:
		line 913 in file "../00-libfiles/lcd.c"
 Parameters:    Size  Location     Type
		None
 Auto vars:     Size  Location     Type
		None
 Return value:  Size  Location     Type
                  1    wreg      void 
 Registers used:
		wreg, status,2, status,0, cstack
 Tracked objects:
		On entry : 
		On exit  : 
		Unchanged: 
 Data sizes:     COMRAM   BANK0   BANK1   BANK2   BANK3   BANK4   BANK5
      Params:         0       0       0       0       0       0       0
      Locals:         0       0       0       0       0       0       0
      Temps:          0       0       0       0       0       0       0
      Totals:         0       0       0       0       0       0       0
Total ram usage:        0 bytes
 Hardware stack levels used:    1
 Hardware stack levels required when called:    2
 This function calls:
		_DELAY_ms
		_DELAY_us
		_lcd_SendCmdSignals
		_lcd_SendHigherNibble
 This function is called by:
		_LCD_Init
 This function uses a non-reentrant model


 *************** function _LCD_Clear *****************
 Defined at:
		line 237 in file "../00-libfiles/lcd.c"
 Parameters:    Size  Location     Type
		None
 Auto vars:     Size  Location     Type
		None
 Return value:  Size  Location     Type
                  1    wreg      void 
 Registers used:
		wreg, fsr2l, fsr2h, status,2, status,0, prodl, prodh, cstack
 Tracked objects:
		On entry : 
		On exit  : 
		Unchanged: 
 Data sizes:     COMRAM   BANK0   BANK1   BANK2   BANK3   BANK4   BANK5
      Params:         0       0       0       0       0       0       0
      Locals:         0       0       0       0       0       0       0
      Temps:          0       0       0       0       0       0       0
      Totals:         0       0       0       0       0       0       0
Total ram usage:        0 bytes
 Hardware stack levels used:    1
 Hardware stack levels required when called:    5
 This function calls:
		_LCD_CmdWrite
		_LCD_GoToLine
 This function is called by:
		_LCD_Init
 This function uses a non-reentrant model


 *************** function _LCD_GoToLine *****************
 Defined at:
		line 265 in file "../00-libfiles/lcd.c"
 Parameters:    Size  Location     Type
  v_lineNumber    1    wreg     unsigned char 
 Auto vars:     Size  Location     Type
  v_lineNumber    1   12[COMRAM] unsigned char 
 Return value:  Size  Location     Type
                  1    wreg      void 
 Registers used:
		wreg, fsr2l, fsr2h, status,2, status,0, prodl, prodh, cstack
 Tracked objects:
		On entry : 
		On exit  : 
		Unchanged: 
 Data sizes:     COMRAM   BANK0   BANK1   BANK2   BANK3   BANK4   BANK5
      Params:         0       0       0       0       0       0       0
      Locals:         1       0       0       0       0       0       0
      Temps:          0       0       0       0       0       0       0
      Totals:         1       0       0       0       0       0       0
Total ram usage:        1 bytes
 Hardware stack levels used:    1
 Hardware stack levels required when called:    4
 This function calls:
		_LCD_CmdWrite
 This function is called by:
		_LCD_Clear
 This function uses a non-reentrant model


 *************** function _LCD_DisplayString *****************
 Defined at:
		line 427 in file "../00-libfiles/lcd.c"
 Parameters:    Size  Location     Type
  ptr_stringPo    2   13[COMRAM] PTR const unsigned char 
		 -> STR_2(24), 
 Auto vars:     Size  Location     Type
		None
 Return value:  Size  Location     Type
                  1    wreg      void 
 Registers used:
		wreg, fsr2l, fsr2h, status,2, status,0, tblptrl, tblptrh, tblptru, prodl, prodh, cstack
 Tracked objects:
		On entry : 
		On exit  : 
		Unchanged: 
 Data sizes:     COMRAM   BANK0   BANK1   BANK2   BANK3   BANK4   BANK5
      Params:         2       0       0       0       0       0       0
      Locals:         0       0       0       0       0       0       0
      Temps:          0       0       0       0       0       0       0
      Totals:         2       0       0       0       0       0       0
Total ram usage:        2 bytes
 Hardware stack levels used:    1
 Hardware stack levels required when called:    6
 This function calls:
		_LCD_DisplayChar
 This function is called by:
		_lcd_Test
 This function uses a non-reentrant model


 *************** function _LCD_DisplayChar *****************
 Defined at:
		line 392 in file "../00-libfiles/lcd.c"
 Parameters:    Size  Location     Type
  v_lcdData_u8    1    wreg     unsigned char 
 Auto vars:     Size  Location     Type
  v_lcdData_u8    1   12[COMRAM] unsigned char 
 Return value:  Size  Location     Type
                  1    wreg      void 
 Registers used:
		wreg, fsr2l, fsr2h, status,2, status,0, prodl, prodh, cstack
 Tracked objects:
		On entry : 
		On exit  : 
		Unchanged: 
 Data sizes:     COMRAM   BANK0   BANK1   BANK2   BANK3   BANK4   BANK5
      Params:         0       0       0       0       0       0       0
      Locals:         1       0       0       0       0       0       0
      Temps:          0       0       0       0       0       0       0
      Totals:         1       0       0       0       0       0       0
Total ram usage:        1 bytes
 Hardware stack levels used:    1
 Hardware stack levels required when called:    5
 This function calls:
		_LCD_GoToNextLine
		_lcd_DataWrite
 This function is called by:
		_LCD_DisplayString
		_LCD_DisplayNumber
 This function uses a non-reentrant model


 *************** function _lcd_DataWrite *****************
 Defined at:
		line 826 in file "../00-libfiles/lcd.c"
 Parameters:    Size  Location     Type
  dataByte        1    wreg     unsigned char 
 Auto vars:     Size  Location     Type
  dataByte        1   11[COMRAM] unsigned char 
 Return value:  Size  Location     Type
                  1    wreg      void 
 Registers used:
		wreg, status,2, status,0, cstack
 Tracked objects:
		On entry : 
		On exit  : 
		Unchanged: 
 Data sizes:     COMRAM   BANK0   BANK1   BANK2   BANK3   BANK4   BANK5
      Params:         0       0       0       0       0       0       0
      Locals:         1       0       0       0       0       0       0
      Temps:          0       0       0       0       0       0       0
      Totals:         1       0       0       0       0       0       0
Total ram usage:        1 bytes
 Hardware stack levels used:    1
 Hardware stack levels required when called:    3
 This function calls:
		_lcd_BusyCheck
		_lcd_SendDataSignals
		_lcd_SendHigherNibble
		_lcd_SendLowerNibble
 This function is called by:
		_LCD_DisplayChar
 This function uses a non-reentrant model


 *************** function _lcd_SendDataSignals *****************
 Defined at:
		line 1002 in file "../00-libfiles/lcd.c"
 Parameters:    Size  Location     Type
		None
 Auto vars:     Size  Location     Type
		None
 Return value:  Size  Location     Type
                  1    wreg      void 
 Registers used:
		wreg, status,2, status,0, cstack
 Tracked objects:
		On entry : 
		On exit  : 
		Unchanged: 
 Data sizes:     COMRAM   BANK0   BANK1   BANK2   BANK3   BANK4   BANK5
      Params:         0       0       0       0       0       0       0
      Locals:         0       0       0       0       0       0       0
      Temps:          0       0       0       0       0       0       0
      Totals:         0       0       0       0       0       0       0
Total ram usage:        0 bytes
 Hardware stack levels used:    1
 Hardware stack levels required when called:    1
 This function calls:
		_DELAY_us
		_GPIO_PinWrite
 This function is called by:
		_lcd_DataWrite
 This function uses a non-reentrant model


 *************** function _LCD_GoToNextLine *****************
 Defined at:
		line 292 in file "../00-libfiles/lcd.c"
 Parameters:    Size  Location     Type
		None
 Auto vars:     Size  Location     Type
		None
 Return value:  Size  Location     Type
                  1    wreg      void 
 Registers used:
		wreg, fsr2l, fsr2h, status,2, status,0, prodl, prodh, cstack
 Tracked objects:
		On entry : 
		On exit  : 
		Unchanged: 
 Data sizes:     COMRAM   BANK0   BANK1   BANK2   BANK3   BANK4   BANK5
      Params:         0       0       0       0       0       0       0
      Locals:         0       0       0       0       0       0       0
      Temps:          0       0       0       0       0       0       0
      Totals:         0       0       0       0       0       0       0
Total ram usage:        0 bytes
 Hardware stack levels used:    1
 Hardware stack levels required when called:    4
 This function calls:
		_LCD_CmdWrite
 This function is called by:
		_LCD_DisplayChar
 This function uses a non-reentrant model


 *************** function _LCD_CmdWrite *****************
 Defined at:
		line 358 in file "../00-libfiles/lcd.c"
 Parameters:    Size  Location     Type
  v_lcdCmd_u8     1    wreg     unsigned char 
 Auto vars:     Size  Location     Type
  v_lcdCmd_u8     1   11[COMRAM] unsigned char 
 Return value:  Size  Location     Type
                  1    wreg      void 
 Registers used:
		wreg, status,2, status,0, cstack
 Tracked objects:
		On entry : 
		On exit  : 
		Unchanged: 
 Data sizes:     COMRAM   BANK0   BANK1   BANK2   BANK3   BANK4   BANK5
      Params:         0       0       0       0       0       0       0
      Locals:         1       0       0       0       0       0       0
      Temps:          0       0       0       0       0       0       0
      Totals:         1       0       0       0       0       0       0
Total ram usage:        1 bytes
 Hardware stack levels used:    1
 Hardware stack levels required when called:    3
 This function calls:
		_lcd_BusyCheck
		_lcd_SendCmdSignals
		_lcd_SendHigherNibble
		_lcd_SendLowerNibble
 This function is called by:
		_LCD_Init
		_LCD_Clear
		_LCD_GoToLine
		_LCD_GoToNextLine
 This function uses a non-reentrant model


 *************** function _lcd_SendLowerNibble *****************
 Defined at:
		line 962 in file "../00-libfiles/lcd.c"
 Parameters:    Size  Location     Type
  dataByte        1    wreg     unsigned char 
 Auto vars:     Size  Location     Type
  dataByte        1   10[COMRAM] unsigned char 
 Return value:  Size  Location     Type
                  1    wreg      void 
 Registers used:
		wreg, status,2, status,0, cstack
 Tracked objects:
		On entry : 
		On exit  : 
		Unchanged: 
 Data sizes:     COMRAM   BANK0   BANK1   BANK2   BANK3   BANK4   BANK5
      Params:         0       0       0       0       0       0       0
      Locals:         1       0       0       0       0       0       0
      Temps:          0       0       0       0       0       0       0
      Totals:         1       0       0       0       0       0       0
Total ram usage:        1 bytes
 Hardware stack levels used:    1
 Hardware stack levels required when called:    1
 This function calls:
		_GPIO_PinWrite
 This function is called by:
		_LCD_CmdWrite
		_lcd_DataWrite
 This function uses a non-reentrant model


 *************** function _lcd_SendHigherNibble *****************
 Defined at:
		line 943 in file "../00-libfiles/lcd.c"
 Parameters:    Size  Location     Type
  dataByte        1    wreg     unsigned char 
 Auto vars:     Size  Location     Type
  dataByte        1   10[COMRAM] unsigned char 
 Return value:  Size  Location     Type
                  1    wreg      void 
 Registers used:
		wreg, status,2, status,0, cstack
 Tracked objects:
		On entry : 
		On exit  : 
		Unchanged: 
 Data sizes:     COMRAM   BANK0   BANK1   BANK2   BANK3   BANK4   BANK5
      Params:         0       0       0       0       0       0       0
      Locals:         1       0       0       0       0       0       0
      Temps:          0       0       0       0       0       0       0
      Totals:         1       0       0       0       0       0       0
Total ram usage:        1 bytes
 Hardware stack levels used:    1
 Hardware stack levels required when called:    1
 This function calls:
		_GPIO_PinWrite
 This function is called by:
		_LCD_CmdWrite
		_lcd_DataWrite
		_lcd_Reset
 This function uses a non-reentrant model


 *************** function _lcd_SendCmdSignals *****************
 Defined at:
		line 981 in file "../00-libfiles/lcd.c"
 Parameters:    Size  Location     Type
		None
 Auto vars:     Size  Location     Type
		None
 Return value:  Size  Location     Type
                  1    wreg      void 
 Registers used:
		wreg, status,2, status,0, cstack
 Tracked objects:
		On entry : 
		On exit  : 
		Unchanged: 
 Data sizes:     COMRAM   BANK0   BANK1   BANK2   BANK3   BANK4   BANK5
      Params:         0       0       0       0       0       0       0
      Locals:         0       0       0       0       0       0       0
      Temps:          0       0       0       0       0       0       0
      Totals:         0       0       0       0       0       0       0
Total ram usage:        0 bytes
 Hardware stack levels used:    1
 Hardware stack levels required when called:    1
 This function calls:
		_DELAY_us
		_GPIO_PinWrite
 This function is called by:
		_LCD_CmdWrite
		_lcd_Reset
 This function uses a non-reentrant model


 *************** function _lcd_BusyCheck *****************
 Defined at:
		line 860 in file "../00-libfiles/lcd.c"
 Parameters:    Size  Location     Type
		None
 Auto vars:     Size  Location     Type
  busyflag        1   10[COMRAM] unsigned char 
 Return value:  Size  Location     Type
                  1    wreg      void 
 Registers used:
		wreg, status,2, status,0, cstack
 Tracked objects:
		On entry : 
		On exit  : 
		Unchanged: 
 Data sizes:     COMRAM   BANK0   BANK1   BANK2   BANK3   BANK4   BANK5
      Params:         0       0       0       0       0       0       0
      Locals:         1       0       0       0       0       0       0
      Temps:          0       0       0       0       0       0       0
      Totals:         1       0       0       0       0       0       0
Total ram usage:        1 bytes
 Hardware stack levels used:    1
 Hardware stack levels required when called:    2
 This function calls:
		_DELAY_ms
		_DELAY_us
		_GPIO_PinDirection
		_GPIO_PinRead
		_GPIO_PinWrite
 This function is called by:
		_LCD_CmdWrite
		_lcd_DataWrite
 This function uses a non-reentrant model


 *************** function _GPIO_PinWrite *****************
 Defined at:
		line 127 in file "../00-libfiles/gpio.c"
 Parameters:    Size  Location     Type
  enm_pinNumbe    1    wreg     enum E3211
  var_pinValue    1    5[COMRAM] unsigned char 
 Auto vars:     Size  Location     Type
  enm_pinNumbe    1    9[COMRAM] enum E3211
  var_portNumb    1    8[COMRAM] unsigned char 
 Return value:  Size  Location     Type
                  1    wreg      void 
 Registers used:
		wreg, status,2, status,0
 Tracked objects:
		On entry : 
		On exit  : 
		Unchanged: 
 Data sizes:     COMRAM   BANK0   BANK1   BANK2   BANK3   BANK4   BANK5
      Params:         1       0       0       0       0       0       0
      Locals:         2       0       0       0       0       0       0
      Temps:          2       0       0       0       0       0       0
      Totals:         5       0       0       0       0       0       0
Total ram usage:        5 bytes
 Hardware stack levels used:    1
 This function calls:
		Nothing
 This function is called by:
		_main
		_switch_Test
		_lcd_BusyCheck
		_lcd_SendHigherNibble
		_lcd_SendLowerNibble
		_lcd_SendCmdSignals
		_lcd_SendDataSignals
		_keypad_WaitForKeyRelease
		_keypad_WaitForKeyPress
		_KEYPAD_GetKey
 This function uses a non-reentrant model


 *************** function _GPIO_PinRead *****************
 Defined at:
		line 192 in file "../00-libfiles/gpio.c"
 Parameters:    Size  Location     Type
  enm_pinNumbe    1    wreg     enum E3211
 Auto vars:     Size  Location     Type
  enm_pinNumbe    1    4[COMRAM] enum E3211
  returnStatus    1    3[COMRAM] unsigned char 
  var_portNumb    1    2[COMRAM] unsigned char 
 Return value:  Size  Location     Type
                  1    wreg      unsigned char 
 Registers used:
		wreg, status,2, status,0
 Tracked objects:
		On entry : 
		On exit  : 
		Unchanged: 
 Data sizes:     COMRAM   BANK0   BANK1   BANK2   BANK3   BANK4   BANK5
      Params:         0       0       0       0       0       0       0
      Locals:         3       0       0       0       0       0       0
      Temps:          2       0       0       0       0       0       0
      Totals:         5       0       0       0       0       0       0
Total ram usage:        5 bytes
 Hardware stack levels used:    1
 This function calls:
		Nothing
 This function is called by:
		_main
		_switch_Test
		_lcd_BusyCheck
		_keypad_WaitForKeyRelease
		_keypad_WaitForKeyPress
		_KEYPAD_GetKey
 This function uses a non-reentrant model


 *************** function _GPIO_PinDirection *****************
 Defined at:
		line 60 in file "../00-libfiles/gpio.c"
 Parameters:    Size  Location     Type
  enm_pinNumbe    1    wreg     enum E3211
  var_pinDirn_    1    0[COMRAM] unsigned char 
 Auto vars:     Size  Location     Type
  enm_pinNumbe    1    4[COMRAM] enum E3211
  var_portNumb    1    3[COMRAM] unsigned char 
 Return value:  Size  Location     Type
                  1    wreg      void 
 Registers used:
		wreg, status,2, status,0
 Tracked objects:
		On entry : 
		On exit  : 
		Unchanged: 
 Data sizes:     COMRAM   BANK0   BANK1   BANK2   BANK3   BANK4   BANK5
      Params:         1       0       0       0       0       0       0
      Locals:         2       0       0       0       0       0       0
      Temps:          2       0       0       0       0       0       0
      Totals:         5       0       0       0       0       0       0
Total ram usage:        5 bytes
 Hardware stack levels used:    1
 This function calls:
		Nothing
 This function is called by:
		_main
		_switch_Test
		_LCD_SetUp
		_lcd_BusyCheck
		_KEYPAD_Init
 This function uses a non-reentrant model


 *************** function _DELAY_ms *****************
 Defined at:
		line 75 in file "../00-libfiles/delay.c"
 Parameters:    Size  Location     Type
  ms_count        2    2[COMRAM] unsigned int 
 Auto vars:     Size  Location     Type
		None
 Return value:  Size  Location     Type
                  1    wreg      void 
 Registers used:
		wreg, status,2, status,0, cstack
 Tracked objects:
		On entry : 
		On exit  : 
		Unchanged: 
 Data sizes:     COMRAM   BANK0   BANK1   BANK2   BANK3   BANK4   BANK5
      Params:         2       0       0       0       0       0       0
      Locals:         0       0       0       0       0       0       0
      Temps:          0       0       0       0       0       0       0
      Totals:         2       0       0       0       0       0       0
Total ram usage:        2 bytes
 Hardware stack levels used:    1
 Hardware stack levels required when called:    1
 This function calls:
		_DELAY_us
 This function is called by:
		_main
		_led_Test
		_LCD_Init
		_lcd_BusyCheck
		_lcd_Reset
		_DELAY_sec
 This function uses a non-reentrant model


 *************** function _eeprom_Test *****************
 Defined at:
		line 205 in file "main.c"
 Parameters:    Size  Location     Type
		None
 Auto vars:     Size  Location     Type
  write_char      2   72[COMRAM] unsigned int 
  eeprom_addre    2   70[COMRAM] unsigned int 
  read_char       2   68[COMRAM] unsigned int 
 Return value:  Size  Location     Type
                  1    wreg      void 
 Registers used:
		wreg, fsr2l, fsr2h, status,2, status,0, tblptrl, tblptrh, tblptru, prodl, prodh, cstack
 Tracked objects:
		On entry : 
		On exit  : 
		Unchanged: 
 Data sizes:     COMRAM   BANK0   BANK1   BANK2   BANK3   BANK4   BANK5
      Params:         0       0       0       0       0       0       0
      Locals:         6       0       0       0       0       0       0
      Temps:          1       0       0       0       0       0       0
      Totals:         7       0       0       0       0       0       0
Total ram usage:        7 bytes
 Hardware stack levels used:    1
 Hardware stack levels required when called:    3
 This function calls:
		_EEPROM_ReadByte
		_EEPROM_WriteByte
		_UART_Printf
 This function is called by:
		_main
 This function uses a non-reentrant model


 *************** function _EEPROM_WriteByte *****************
 Defined at:
		line 63 in file "../00-libfiles/eeprom.c"
 Parameters:    Size  Location     Type
  v_eepromAddr    2    0[COMRAM] unsigned int 
  v_eepromData    1    2[COMRAM] unsigned char 
 Auto vars:     Size  Location     Type
  gie_value       1    3[COMRAM] unsigned char 
 Return value:  Size  Location     Type
                  1    wreg      void 
 Registers used:
		wreg, status,2, status,0
 Tracked objects:
		On entry : 
		On exit  : 
		Unchanged: 
 Data sizes:     COMRAM   BANK0   BANK1   BANK2   BANK3   BANK4   BANK5
      Params:         3       0       0       0       0       0       0
      Locals:         1       0       0       0       0       0       0
      Temps:          0       0       0       0       0       0       0
      Totals:         4       0       0       0       0       0       0
Total ram usage:        4 bytes
 Hardware stack levels used:    1
 This function calls:
		Nothing
 This function is called by:
		_eeprom_Test
 This function uses a non-reentrant model


 *************** function _EEPROM_ReadByte *****************
 Defined at:
		line 93 in file "../00-libfiles/eeprom.c"
 Parameters:    Size  Location     Type
  v_eepromAddr    2    0[COMRAM] unsigned int 
 Auto vars:     Size  Location     Type
		None
 Return value:  Size  Location     Type
                  1    wreg      unsigned char 
 Registers used:
		wreg, status,2, status,0
 Tracked objects:
		On entry : 
		On exit  : 
		Unchanged: 
 Data sizes:     COMRAM   BANK0   BANK1   BANK2   BANK3   BANK4   BANK5
      Params:         2       0       0       0       0       0       0
      Locals:         0       0       0       0       0       0       0
      Temps:          0       0       0       0       0       0       0
      Totals:         2       0       0       0       0       0       0
Total ram usage:        2 bytes
 Hardware stack levels used:    1
 This function calls:
		Nothing
 This function is called by:
		_eeprom_Test
 This function uses a non-reentrant model


 *************** function _adc_Test *****************
 Defined at:
		line 194 in file "main.c"
 Parameters:    Size  Location     Type
		None
 Auto vars:     Size  Location     Type
		None
 Return value:  Size  Location     Type
                  1    wreg      void 
 Registers used:
		wreg, fsr2l, fsr2h, status,2, status,0, tblptrl, tblptrh, tblptru, prodl, prodh, cstack
 Tracked objects:
		On entry : 
		On exit  : 
		Unchanged: 
 Data sizes:     COMRAM   BANK0   BANK1   BANK2   BANK3   BANK4   BANK5
      Params:         0       0       0       0       0       0       0
      Locals:         0       0       0       0       0       0       0
      Temps:          0       0       0       0       0       0       0
      Totals:         0       0       0       0       0       0       0
Total ram usage:        0 bytes
 Hardware stack levels used:    1
 Hardware stack levels required when called:    3
 This function calls:
		_ADC_GetAdcValue
		_ADC_Init
		_UART_Printf
 This function is called by:
		_main
 This function uses a non-reentrant model


 *************** function _UART_Printf *****************
 Defined at:
		line 413 in file "../00-libfiles/uart.c"
 Parameters:    Size  Location     Type
  argList         2   43[COMRAM] PTR const unsigned char 
		 -> STR_7(16), STR_6(23), STR_5(69), STR_4(18), 
		 -> STR_1(131), 
 Auto vars:     Size  Location     Type
  v_num_u32       4   55[COMRAM] unsigned long 
  v_num_s32       4   49[COMRAM] long 
  argp            2   65[COMRAM] PTR void [1]
		 -> ?_UART_Printf(1), 
  ptr             2   61[COMRAM] PTR const unsigned char 
		 -> STR_7(16), STR_6(23), STR_5(69), STR_4(18), 
		 -> STR_1(131), 
  v_num_u16       2   59[COMRAM] unsigned int 
  v_num_s16       2   53[COMRAM] int 
  str             2   47[COMRAM] PTR unsigned char 
  v_numOfDigit    1   64[COMRAM] unsigned char 
  ch              1   63[COMRAM] unsigned char 
 Return value:  Size  Location     Type
                  1    wreg      void 
 Registers used:
		wreg, fsr2l, fsr2h, status,2, status,0, tblptrl, tblptrh, tblptru, prodl, prodh, cstack
 Tracked objects:
		On entry : 
		On exit  : 
		Unchanged: 
 Data sizes:     COMRAM   BANK0   BANK1   BANK2   BANK3   BANK4   BANK5
      Params:         4       0       0       0       0       0       0
      Locals:        20       0       0       0       0       0       0
      Temps:          0       0       0       0       0       0       0
      Totals:        24       0       0       0       0       0       0
Total ram usage:       24 bytes
 Hardware stack levels used:    1
 Hardware stack levels required when called:    2
 This function calls:
		_UART_TxChar
		_UART_TxNumber
		_UART_TxString
 This function is called by:
		_main
		_adc_Test
		_eeprom_Test
 This function uses a non-reentrant model


 *************** function _UART_TxString *****************
 Defined at:
		line 169 in file "../00-libfiles/uart.c"
 Parameters:    Size  Location     Type
  ptr_string      2    1[COMRAM] PTR const unsigned char 
		 -> STR_3(54), 
 Auto vars:     Size  Location     Type
		None
 Return value:  Size  Location     Type
                  1    wreg      void 
 Registers used:
		wreg, status,2, status,0, tblptrl, tblptrh, tblptru, cstack
 Tracked objects:
		On entry : 
		On exit  : 
		Unchanged: 
 Data sizes:     COMRAM   BANK0   BANK1   BANK2   BANK3   BANK4   BANK5
      Params:         2       0       0       0       0       0       0
      Locals:         0       0       0       0       0       0       0
      Temps:          0       0       0       0       0       0       0
      Totals:         2       0       0       0       0       0       0
Total ram usage:        2 bytes
 Hardware stack levels used:    1
 Hardware stack levels required when called:    1
 This function calls:
		_UART_TxChar
 This function is called by:
		_switch_Test
		_UART_Printf
 This function uses a non-reentrant model


 *************** function _UART_TxNumber *****************
 Defined at:
		line 260 in file "../00-libfiles/uart.c"
 Parameters:    Size  Location     Type
  v_numericSys    1    wreg     unsigned char 
  v_number_u32    4   13[COMRAM] unsigned long 
  v_numOfDigit    1   17[COMRAM] unsigned char 
 Auto vars:     Size  Location     Type
  v_numericSys    1   41[COMRAM] unsigned char 
  a              10   29[COMRAM] unsigned char [10]
  i               1   42[COMRAM] unsigned char 
 Return value:  Size  Location     Type
                  1    wreg      void 
 Registers used:
		wreg, fsr2l, fsr2h, status,2, status,0, prodl, prodh, cstack
 Tracked objects:
		On entry : 
		On exit  : 
		Unchanged: 
 Data sizes:     COMRAM   BANK0   BANK1   BANK2   BANK3   BANK4   BANK5
      Params:         5       0       0       0       0       0       0
      Locals:        14       0       0       0       0       0       0
      Temps:         11       0       0       0       0       0       0
      Totals:        30       0       0       0       0       0       0
Total ram usage:       30 bytes
 Hardware stack levels used:    1
 Hardware stack levels required when called:    1
 This function calls:
		_UART_TxChar
		___lldiv
 This function is called by:
		_UART_Printf
 This function uses a non-reentrant model


 *************** function _UART_TxChar *****************
 Defined at:
		line 145 in file "../00-libfiles/uart.c"
 Parameters:    Size  Location     Type
  v_uartData_u    1    wreg     unsigned char 
 Auto vars:     Size  Location     Type
  v_uartData_u    1    0[COMRAM] unsigned char 
 Return value:  Size  Location     Type
                  1    wreg      void 
 Registers used:
		wreg
 Tracked objects:
		On entry : 
		On exit  : 
		Unchanged: 
 Data sizes:     COMRAM   BANK0   BANK1   BANK2   BANK3   BANK4   BANK5
      Params:         0       0       0       0       0       0       0
      Locals:         1       0       0       0       0       0       0
      Temps:          0       0       0       0       0       0       0
      Totals:         1       0       0       0       0       0       0
Total ram usage:        1 bytes
 Hardware stack levels used:    1
 This function calls:
		Nothing
 This function is called by:
		_UART_TxString
		_UART_TxNumber
		_UART_Printf
		_UART_RxString
 This function uses a non-reentrant model


 *************** function _ADC_Init *****************
 Defined at:
		line 54 in file "../00-libfiles/adc.c"
 Parameters:    Size  Location     Type
		None
 Auto vars:     Size  Location     Type
		None
 Return value:  Size  Location     Type
                  1    wreg      void 
 Registers used:
		wreg, status,2
 Tracked objects:
		On entry : 
		On exit  : 
		Unchanged: 
 Data sizes:     COMRAM   BANK0   BANK1   BANK2   BANK3   BANK4   BANK5
      Params:         0       0       0       0       0       0       0
      Locals:         0       0       0       0       0       0       0
      Temps:          0       0       0       0       0       0       0
      Totals:         0       0       0       0       0       0       0
Total ram usage:        0 bytes
 Hardware stack levels used:    1
 This function calls:
		Nothing
 This function is called by:
		_adc_Test
 This function uses a non-reentrant model


 *************** function _ADC_GetAdcValue *****************
 Defined at:
		line 76 in file "../00-libfiles/adc.c"
 Parameters:    Size  Location     Type
  var_adcChann    1    wreg     unsigned char 
 Auto vars:     Size  Location     Type
  var_adcChann    1    6[COMRAM] unsigned char 
 Return value:  Size  Location     Type
                  2    2[COMRAM] unsigned int 
 Registers used:
		wreg, status,2, status,0, cstack
 Tracked objects:
		On entry : 
		On exit  : 
		Unchanged: 
 Data sizes:     COMRAM   BANK0   BANK1   BANK2   BANK3   BANK4   BANK5
      Params:         2       0       0       0       0       0       0
      Locals:         1       0       0       0       0       0       0
      Temps:          2       0       0       0       0       0       0
      Totals:         5       0       0       0       0       0       0
Total ram usage:        5 bytes
 Hardware stack levels used:    1
 Hardware stack levels required when called:    1
 This function calls:
		_DELAY_us
 This function is called by:
		_adc_Test
 This function uses a non-reentrant model


 *************** function _DELAY_us *****************
 Defined at:
		line 56 in file "../00-libfiles/delay.c"
 Parameters:    Size  Location     Type
  us_count        2    0[COMRAM] unsigned int 
 Auto vars:     Size  Location     Type
		None
 Return value:  Size  Location     Type
                  1    wreg      void 
 Registers used:
		wreg, status,2, status,0
 Tracked objects:
		On entry : 
		On exit  : 
		Unchanged: 
 Data sizes:     COMRAM   BANK0   BANK1   BANK2   BANK3   BANK4   BANK5
      Params:         2       0       0       0       0       0       0
      Locals:         0       0       0       0       0       0       0
      Temps:          0       0       0       0       0       0       0
      Totals:         2       0       0       0       0       0       0
Total ram usage:        2 bytes
 Hardware stack levels used:    1
 This function calls:
		Nothing
 This function is called by:
		_ADC_GetAdcValue
		_DELAY_ms
		_lcd_BusyCheck
		_lcd_Reset
		_lcd_SendCmdSignals
		_lcd_SendDataSignals
		_keypad_WaitForKeyRelease
		_keypad_WaitForKeyPress
 This function uses a non-reentrant model


 *************** function _UART_RxChar *****************
 Defined at:
		line 123 in file "../00-libfiles/uart.c"
 Parameters:    Size  Location     Type
		None
 Auto vars:     Size  Location     Type
		None
 Return value:  Size  Location     Type
                  1    wreg      unsigned char 
 Registers used:
		wreg, status,2
 Tracked objects:
		On entry : 
		On exit  : 
		Unchanged: 
 Data sizes:     COMRAM   BANK0   BANK1   BANK2   BANK3   BANK4   BANK5
      Params:         0       0       0       0       0       0       0
      Locals:         0       0       0       0       0       0       0
      Temps:          0       0       0       0       0       0       0
      Totals:         0       0       0       0       0       0       0
Total ram usage:        0 bytes
 Hardware stack levels used:    1
 This function calls:
		Nothing
 This function is called by:
		_main
		_UART_RxString
 This function uses a non-reentrant model


 *************** function _UART_Init *****************
 Defined at:
		line 66 in file "../00-libfiles/uart.c"
 Parameters:    Size  Location     Type
  v_baudRate_u    4   22[COMRAM] unsigned long 
 Auto vars:     Size  Location     Type
		None
 Return value:  Size  Location     Type
                  1    wreg      void 
 Registers used:
		wreg, status,2, status,0, cstack
 Tracked objects:
		On entry : 
		On exit  : 
		Unchanged: 
 Data sizes:     COMRAM   BANK0   BANK1   BANK2   BANK3   BANK4   BANK5
      Params:         4       0       0       0       0       0       0
      Locals:         0       0       0       0       0       0       0
      Temps:          0       0       0       0       0       0       0
      Totals:         4       0       0       0       0       0       0
Total ram usage:        4 bytes
 Hardware stack levels used:    1
 Hardware stack levels required when called:    2
 This function calls:
		_UART_SetBaudRate
 This function is called by:
		_main
 This function uses a non-reentrant model


 *************** function _UART_SetBaudRate *****************
 Defined at:
		line 91 in file "../00-libfiles/uart.c"
 Parameters:    Size  Location     Type
  v_baudRate_u    4   13[COMRAM] unsigned long 
 Auto vars:     Size  Location     Type
  RegValue        1   21[COMRAM] unsigned char 
 Return value:  Size  Location     Type
                  1    wreg      void 
 Registers used:
		wreg, status,2, status,0, cstack
 Tracked objects:
		On entry : 
		On exit  : 
		Unchanged: 
 Data sizes:     COMRAM   BANK0   BANK1   BANK2   BANK3   BANK4   BANK5
      Params:         4       0       0       0       0       0       0
      Locals:         1       0       0       0       0       0       0
      Temps:          4       0       0       0       0       0       0
      Totals:         9       0       0       0       0       0       0
Total ram usage:        9 bytes
 Hardware stack levels used:    1
 Hardware stack levels required when called:    1
 This function calls:
		___lldiv
 This function is called by:
		_UART_Init
 This function uses a non-reentrant model


 *************** function ___lldiv *****************
 Defined at:
		line 8 in file "C:\Program Files\Microchip\xc8\v1.36\sources\common\lldiv.c"
 Parameters:    Size  Location     Type
  dividend        4    0[COMRAM] unsigned long 
  divisor         4    4[COMRAM] unsigned long 
 Auto vars:     Size  Location     Type
  quotient        4    8[COMRAM] unsigned long 
  counter         1   12[COMRAM] unsigned char 
 Return value:  Size  Location     Type
                  4    0[COMRAM] unsigned long 
 Registers used:
		wreg, status,2, status,0
 Tracked objects:
		On entry : 
		On exit  : 
		Unchanged: 
 Data sizes:     COMRAM   BANK0   BANK1   BANK2   BANK3   BANK4   BANK5
      Params:         8       0       0       0       0       0       0
      Locals:         5       0       0       0       0       0       0
      Temps:          0       0       0       0       0       0       0
      Totals:        13       0       0       0       0       0       0
Total ram usage:       13 bytes
 Hardware stack levels used:    1
 This function calls:
		Nothing
 This function is called by:
		_UART_SetBaudRate
		_UART_TxNumber
		_LCD_DisplayNumber
 This function uses a non-reentrant model



MODULE INFORMATION

Module		Function		Class		Link	Load	Size
../00-libfiles/gpio.c
		_GPIO_PinRead  		CODE           	711A	0000	211
		_GPIO_PinWrite 		CODE           	7436	0000	353
		_GPIO_PinDirection		CODE           	72D6	0000	353

../00-libfiles/gpio.c estimated size: 917

../00-libfiles/lcd.c
		_LCD_Init      		CODE           	6D4A	0000	91
		_lcd_SendHigherNibble		CODE           	6C06	0000	77
		_lcd_SendCmdSignals		CODE           	6B1E	0000	55
		_LCD_SetUp     		CODE           	705A	0000	193
		_lcd_SendLowerNibble		CODE           	6C52	0000	77
		_LCD_CmdWrite  		CODE           	6ABA	0000	51
		_LCD_Clear     		CODE           	68FA	0000	15
		_LCD_DisplayString		CODE           	6A04	0000	43
		_LCD_GoToLine  		CODE           	6A2E	0000	43
		_lcd_BusyCheck 		CODE           	6FAE	0000	173
		_LCD_GoToNextLine		CODE           	69DA	0000	43
		_lcd_Reset     		CODE           	6CF0	0000	91
		_lcd_DataWrite 		CODE           	6AEC	0000	51
		_LCD_DisplayChar		CODE           	698A	0000	39
		_lcd_SendDataSignals		CODE           	6B54	0000	55

../00-libfiles/lcd.c estimated size: 1097

../00-libfiles/uart.c
		_UART_TxString 		CODE           	69B0	0000	43
		_UART_TxNumber 		CODE           	7596	0000	465
		_UART_Init     		CODE           	6968	0000	35
		_UART_RxChar   		CODE           	68D4	0000	11
		_UART_Printf   		CODE           	7766	0000	825
		_UART_SetBaudRate		CODE           	6DA4	0000	119
		_UART_TxChar   		CODE           	68EC	0000	15

../00-libfiles/uart.c estimated size: 1513

../00-libfiles/delay.c
		_DELAY_ms      		CODE           	692A	0000	31
		_DELAY_us      		CODE           	6918	0000	19

../00-libfiles/delay.c estimated size: 50

../00-libfiles/eeprom.c
		_EEPROM_WriteByte		CODE           	6A58	0000	49
		_EEPROM_ReadByte		CODE           	6908	0000	17

../00-libfiles/eeprom.c estimated size: 66

shared
		_A_KeyLookUptable_U8		MEDIUMCONST    	7A9F	0000	17
		__initialization		CODE           	6B8A	0000	45

shared estimated size: 62

../00-libfiles/adc.c
		_ADC_GetAdcValue		CODE           	6A88	0000	51
		_ADC_Init      		CODE           	68DE	0000	15

../00-libfiles/adc.c estimated size: 66

C:\Program Files\Microchip\xc8\v1.36\sources\common\lldiv.c
		___lldiv       		CODE           	6E94	0000	131

C:\Program Files\Microchip\xc8\v1.36\sources\common\lldiv.c estimated size: 131

main.c
		_lcd_Test      		CODE           	6BC0	0000	71
		_led_Test      		CODE           	6F16	0000	153
		_main          		CODE           	71EC	0000	235
		_switch_Test   		CODE           	6C9E	0000	83
		_eeprom_Test   		CODE           	6E1A	0000	123
		_adc_Test      		CODE           	6948	0000	33

main.c estimated size: 698

