Microchip MPLAB XC8 Compiler V1.36 ()

Linker command line:

-W-3 --edf=C:\Program Files\Microchip\xc8\v1.36\dat\en_msgs.txt -cs \
  -h+dist/default/production\08a-Eeprom_Byte_RdWr.X.production.sym \
  --cmf=dist/default/production\08a-Eeprom_Byte_RdWr.X.production.cmf -z \
  -Q18F4520 -oC:\Users\bagwan\AppData\Local\Temp\s5bk.2 \
  -Mdist/default/production/08a-Eeprom_Byte_RdWr.X.production.map -E1 \
  -ver=XC8 -ASTACK=080h-05ffh -pstack=STACK -ACODE=00h-07BFFh,07F01h-07FFFh \
  -ACONST=00h-07BFFh,07F01h-07FFFh \
  -ASMALLCONST=0600h-06FFhx118,07F01h-07FFFh \
  -AMEDIUMCONST=0600h-07BFFh,07F01h-07FFFh -ACOMRAM=01h-07Fh \
  -AABS1=00h-05FFh -ABIGRAM=01h-05FFh -ARAM=080h-0FFh,0100h-01FFhx5 \
  -ABANK0=080h-0FFh -ABANK1=0100h-01FFh -ABANK2=0200h-02FFh \
  -ABANK3=0300h-03FFh -ABANK4=0400h-04FFh -ABANK5=0500h-05FFh \
  -ASFR=0F80h-0FFFh -preset_vec=00h,intcode,intcodelo,powerup,init,end_init \
  -pramtop=0600h -psmallconst=SMALLCONST -pmediumconst=MEDIUMCONST \
  -pconst=CONST -AFARRAM=00h-00h -ACONFIG=0300000h-030000Dh -pconfig=CONFIG \
  -AIDLOC=0200000h-0200007h -pidloc=IDLOC -AEEDATA=0F00000h-0F000FFh \
  -peeprom_data=EEDATA \
  -prdata=COMRAM,nvrram=COMRAM,nvbit=COMRAM,rbss=COMRAM,rbit=COMRAM \
  -pfarbss=FARRAM,fardata=FARRAM,nvFARRAM=FARRAM \
  -pintsave_regs=BIGRAM,bigbss=BIGRAM,bigdata=BIGRAM -pbss=RAM \
  -pidata=CODE,irdata=CODE,ibigdata=CODE,ifardata=CODE -prparam=COMRAM \
  C:\Users\bagwan\AppData\Local\Temp\s5bk.obj \
  dist/default/production\08a-Eeprom_Byte_RdWr.X.production.obj 

Object code version is 3.11

Machine type is 18F4520

Call graph: (short form)




                Name                               Link     Load   Length Selector   Space Scale
C:\Users\bagwan\AppData\Local\Temp\s5bk.obj
                end_init                              0        0        4        0       0
                idloc                            200000   200000        8   200000       0
                config                           300000   300000        E   300000       0
dist/default/production\08a-Eeprom_Byte_RdWr.X.production.obj
                smallconst                          600      600       2A      300       0
                text16                             12DA     12DA       10      315       0
                text15                             1240     1240       30      315       0
                text14                             1086     1086       82      315       0
                text13                             1108     1108       76      315       0
                text12                             12B8     12B8       22      315       0
                text11                             12EA     12EA        E      315       0
                text10                              990      990      1D0      315       0
                text9                               FD8      FD8       AE      315       0
                text8                               B60      B60      1AC      315       0
                text7                               E00      E00       F4      315       0
                text6                              1294     1294       24      315       0
                text5                               D0C      D0C       F4      315       0
                text4                              11E4     11E4       5C      315       0
                text3                               EF4      EF4       E4      315       0
                text2                              1270     1270       24      315       0
                text1                               62A      62A      366      315       0
                text0                              117E     117E       66      315       0
                cstackCOMRAM                          1        1       50        1       1
                cinit                              12F8     12F8        A      315       0

TOTAL           Name                               Link     Load   Length     Space
        CLASS   STACK          

        CLASS   CODE           
                end_init                              0        0        4         0
                text16                             12DA     12DA       10         0
                text15                             1240     1240       30         0
                text14                             1086     1086       82         0
                text13                             1108     1108       76         0
                text12                             12B8     12B8       22         0
                text11                             12EA     12EA        E         0
                text10                              990      990      1D0         0
                text9                               FD8      FD8       AE         0
                text8                               B60      B60      1AC         0
                text7                               E00      E00       F4         0
                text6                              1294     1294       24         0
                text5                               D0C      D0C       F4         0
                text4                              11E4     11E4       5C         0
                text3                               EF4      EF4       E4         0
                text2                              1270     1270       24         0
                text1                               62A      62A      366         0
                text0                              117E     117E       66         0
                cinit                              12F8     12F8        A         0

        CLASS   CONST          

        CLASS   SMALLCONST     
                smallconst                          600      600       2A         0

        CLASS   MEDIUMCONST    

        CLASS   COMRAM         
                cstackCOMRAM                          1        1       50         1

        CLASS   ABS1           

        CLASS   BIGRAM         

        CLASS   RAM            

        CLASS   BANK0          

        CLASS   BANK1          

        CLASS   BANK2          

        CLASS   BANK3          

        CLASS   BANK4          

        CLASS   BANK5          

        CLASS   SFR            

        CLASS   FARRAM         

        CLASS   CONFIG         
                config                           300000   300000        E         0

        CLASS   IDLOC          
                idloc                            200000   200000        8         0

        CLASS   EEDATA         



SEGMENTS        Name                           Load    Length   Top    Selector   Space  Class

                reset_vec                      000000  000004  000004         0       0  CODE    
                cstackCOMRAM                   000001  000050  000051         1       1  COMRAM  
                smallconst                     000600  00002A  00062A       300       0  SMALLCON
                text1                          00062A  000CD8  001302       315       0  CODE    
                idloc                          200000  000008  200008    200000       0  IDLOC   
                config                         300000  00000E  30000E    300000       0  CONFIG  


UNUSED ADDRESS RANGES

        Name                Unused          Largest block    Delta
        BANK0            000080-0000FF               80
        BANK1            000100-0001FF              100
        BANK2            000200-0002FF              100
        BANK3            000300-0003FF              100
        BANK4            000400-0004FF              100
        BANK5            000500-0005FF              100
        BIGRAM           000051-0005FF              5AF
        CODE             000004-0005FF              5FC
                         001302-007BFF             68FE
                         007F01-007FFF               FF
        COMRAM           000051-00007F               2F
        CONST            000004-0005FF              5FC
                         001302-007BFF             68FE
                         007F01-007FFF               FF
        EEDATA           F00000-F000FF              100
        MEDIUMCONST      001302-007BFF             68FE
                         007F01-007FFF               FF
        RAM              000080-0005FF              100
        SFR              000F80-000FFF               80
        SMALLCONST       001302-007BFF              100
                         007F01-007FFF               FF
        STACK            000080-0005FF              580

                                  Symbol Table

?_UART_Printf                            cstackCOMRAM 000033
?___ftadd                                cstackCOMRAM 000015
?___ftmul                                cstackCOMRAM 000009
?___ftneg                                cstackCOMRAM 000012
?___ftpack                               cstackCOMRAM 000001
?___fttol                                cstackCOMRAM 000018
?___lldiv                                cstackCOMRAM 000001
?___lltoft                               cstackCOMRAM 000009
EEPROM_ReadByte@v_eepromAddress_u16      cstackCOMRAM 000001
EEPROM_WriteByte@gie_value               cstackCOMRAM 000004
EEPROM_WriteByte@v_eepromAddress_u16     cstackCOMRAM 000001
EEPROM_WriteByte@v_eepromData_u8         cstackCOMRAM 000003
UART_Init@v_baudRate_u32                 cstackCOMRAM 000017
UART_Printf@argList                      cstackCOMRAM 000033
UART_Printf@argp                         cstackCOMRAM 00004C
UART_Printf@ch                           cstackCOMRAM 00004A
UART_Printf@ptr                          cstackCOMRAM 000048
UART_Printf@str                          cstackCOMRAM 00003A
UART_Printf@v_floatNum_f32               cstackCOMRAM 000037
UART_Printf@v_numOfDigitsToTransmit_u8   cstackCOMRAM 00004B
UART_Printf@v_num_s16                    cstackCOMRAM 000040
UART_Printf@v_num_s32                    cstackCOMRAM 00003C
UART_Printf@v_num_u16                    cstackCOMRAM 000046
UART_Printf@v_num_u32                    cstackCOMRAM 000042
UART_SetBaudRate@RegValue                cstackCOMRAM 000016
UART_SetBaudRate@v_baudRate_u32          cstackCOMRAM 00000E
UART_TxChar@v_uartData_u8                cstackCOMRAM 000001
UART_TxFloatNumber@v_decNumber_u32       cstackCOMRAM 00002F
UART_TxFloatNumber@v_floatNumber_f32     cstackCOMRAM 00002C
UART_TxNumber@a                          cstackCOMRAM 00001E
UART_TxNumber@i                          cstackCOMRAM 00002B
UART_TxNumber@v_numOfDigitsToTransmit_u8 cstackCOMRAM 000012
UART_TxNumber@v_number_u32               cstackCOMRAM 00000E
UART_TxNumber@v_numericSystem_u8         cstackCOMRAM 00002A
UART_TxString@ptr_string                 cstackCOMRAM 000002
_EEADR                                   (abs)        000FA9
_EECON1                                  (abs)        000FA6
_EECON2                                  (abs)        000FA7
_EEDATA                                  (abs)        000FA8
_EEPROM_ReadByte                         text16       0012DA
_EEPROM_WriteByte                        text15       001240
_GIE                                     (abs)        007F97
_RCIF                                    (abs)        007CF5
_RCREG                                   (abs)        000FAE
_RCSTA                                   (abs)        000FAB
_SPBRG                                   (abs)        000FAF
_TRISC                                   (abs)        000F94
_TXIF                                    (abs)        007CF4
_TXREG                                   (abs)        000FAD
_TXSTA                                   (abs)        000FAC
_UART_Init                               text12       0012B8
_UART_Printf                             text1        00062A
_UART_SetBaudRate                        text13       001108
_UART_TxChar                             text11       0012EA
_UART_TxFloatNumber                      text3        000EF4
_UART_TxNumber                           text10       000990
_UART_TxNumber$76                        cstackCOMRAM 000028
_UART_TxString                           text2        001270
__CFG_BOREN$OFF                          (abs)        000000
__CFG_BORV$2                             (abs)        000000
__CFG_CCP2MX$PORTC                       (abs)        000000
__CFG_CP0$OFF                            (abs)        000000
__CFG_CP1$OFF                            (abs)        000000
__CFG_CP2$OFF                            (abs)        000000
__CFG_CP3$OFF                            (abs)        000000
__CFG_CPB$OFF                            (abs)        000000
__CFG_CPD$OFF                            (abs)        000000
__CFG_EBTR0$OFF                          (abs)        000000
__CFG_EBTR1$OFF                          (abs)        000000
__CFG_EBTR2$OFF                          (abs)        000000
__CFG_EBTR3$OFF                          (abs)        000000
__CFG_EBTRB$OFF                          (abs)        000000
__CFG_FCMEN$OFF                          (abs)        000000
__CFG_IESO$OFF                           (abs)        000000
__CFG_LPT1OSC$OFF                        (abs)        000000
__CFG_LVP$OFF                            (abs)        000000
__CFG_MCLRE$ON                           (abs)        000000
__CFG_OSC$HS                             (abs)        000000
__CFG_PBADEN$OFF                         (abs)        000000
__CFG_PWRT$OFF                           (abs)        000000
__CFG_STVREN$OFF                         (abs)        000000
__CFG_WDT$OFF                            (abs)        000000
__CFG_WDTPS$32768                        (abs)        000000
__CFG_WRT0$OFF                           (abs)        000000
__CFG_WRT1$OFF                           (abs)        000000
__CFG_WRT2$OFF                           (abs)        000000
__CFG_WRT3$OFF                           (abs)        000000
__CFG_WRTB$OFF                           (abs)        000000
__CFG_WRTC$OFF                           (abs)        000000
__CFG_WRTD$OFF                           (abs)        000000
__CFG_XINST$OFF                          (abs)        000000
__HRAM                                   (abs)        000000
__Habs1                                  abs1         000000
__Hbank0                                 bank0        000000
__Hbank1                                 bank1        000000
__Hbank2                                 bank2        000000
__Hbank3                                 bank3        000000
__Hbank4                                 bank4        000000
__Hbank5                                 bank5        000000
__Hbigbss                                bigbss       000000
__Hbigdata                               bigdata      000000
__Hbigram                                bigram       000000
__Hbss                                   bss          000000
__Hcinit                                 cinit        000000
__Hclrtext                               clrtext      000000
__Hcomram                                comram       000000
__Hconfig                                config       30000E
__Hconst                                 const        000000
__HcstackCOMRAM                          cstackCOMRAM 000000
__Hdata                                  data         000000
__Heeprom_data                           eeprom_data  000000
__Hend_init                              end_init     000004
__Hfarbss                                farbss       000000
__Hfardata                               fardata      000000
__Hibigdata                              ibigdata     000000
__Hidata                                 idata        000000
__Hidloc                                 idloc        200008
__Hifardata                              ifardata     000000
__Hinit                                  init         000000
__Hintcode                               intcode      000000
__Hintcode_body                          intcode_body 000000
__Hintcodelo                             intcodelo    000000
__Hintentry                              intentry     000000
__Hintret                                intret       000000
__Hintsave_regs                          intsave_regs 000000
__Hirdata                                irdata       000000
__Hmediumconst                           mediumconst  000000
__HnvFARRAM                              nvFARRAM     000000
__Hnvbit                                 nvbit        000000
__Hnvrram                                nvrram       000000
__Hparam                                 rparam       000000
__Hpowerup                               powerup      000000
__Hram                                   ram          000000
__Hramtop                                ramtop       000600
__Hrbit                                  rbit         000000
__Hrbss                                  rbss         000000
__Hrdata                                 rdata        000000
__Hreset_vec                             reset_vec    000000
__Hrparam                                rparam       000000
__Hsfr                                   sfr          000000
__Hsmallconst                            smallconst   00062A
__Hspace_0                               (abs)        30000E
__Hspace_1                               (abs)        000051
__Hspace_2                               (abs)        000000
__Hstack                                 stack        000000
__Hstruct                                struct       000000
__Htemp                                  temp         000000
__Htext                                  text         000000
__Htext0                                 text0        000000
__Htext1                                 text1        000000
__Htext10                                text10       000000
__Htext11                                text11       000000
__Htext12                                text12       000000
__Htext13                                text13       000000
__Htext14                                text14       000000
__Htext15                                text15       000000
__Htext16                                text16       000000
__Htext2                                 text2        000000
__Htext3                                 text3        000000
__Htext4                                 text4        000000
__Htext5                                 text5        000000
__Htext6                                 text6        000000
__Htext7                                 text7        000000
__Htext8                                 text8        000000
__Htext9                                 text9        000000
__LRAM                                   (abs)        000001
__Labs1                                  abs1         000000
__Lbank0                                 bank0        000000
__Lbank1                                 bank1        000000
__Lbank2                                 bank2        000000
__Lbank3                                 bank3        000000
__Lbank4                                 bank4        000000
__Lbank5                                 bank5        000000
__Lbigbss                                bigbss       000000
__Lbigdata                               bigdata      000000
__Lbigram                                bigram       000000
__Lbss                                   bss          000000
__Lcinit                                 cinit        000000
__Lclrtext                               clrtext      000000
__Lcomram                                comram       000000
__Lconfig                                config       300000
__Lconst                                 const        000000
__LcstackCOMRAM                          cstackCOMRAM 000000
__Ldata                                  data         000000
__Leeprom_data                           eeprom_data  000000
__Lend_init                              end_init     000000
__Lfarbss                                farbss       000000
__Lfardata                               fardata      000000
__Libigdata                              ibigdata     000000
__Lidata                                 idata        000000
__Lidloc                                 idloc        200000
__Lifardata                              ifardata     000000
__Linit                                  init         000000
__Lintcode                               intcode      000000
__Lintcode_body                          intcode_body 000000
__Lintcodelo                             intcodelo    000000
__Lintentry                              intentry     000000
__Lintret                                intret       000000
__Lintsave_regs                          intsave_regs 000000
__Lirdata                                irdata       000000
__Lmediumconst                           mediumconst  000000
__LnvFARRAM                              nvFARRAM     000000
__Lnvbit                                 nvbit        000000
__Lnvrram                                nvrram       000000
__Lparam                                 rparam       000000
__Lpowerup                               powerup      000000
__Lram                                   ram          000000
__Lramtop                                ramtop       000600
__Lrbit                                  rbit         000000
__Lrbss                                  rbss         000000
__Lrdata                                 rdata        000000
__Lreset_vec                             reset_vec    000000
__Lrparam                                rparam       000000
__Lsfr                                   sfr          000000
__Lsmallconst                            smallconst   000600
__Lspace_0                               (abs)        000000
__Lspace_1                               (abs)        000000
__Lspace_2                               (abs)        000000
__Lstack                                 stack        000000
__Lstruct                                struct       000000
__Ltemp                                  temp         000000
__Ltext                                  text         000000
__Ltext0                                 text0        000000
__Ltext1                                 text1        000000
__Ltext10                                text10       000000
__Ltext11                                text11       000000
__Ltext12                                text12       000000
__Ltext13                                text13       000000
__Ltext14                                text14       000000
__Ltext15                                text15       000000
__Ltext16                                text16       000000
__Ltext2                                 text2        000000
__Ltext3                                 text3        000000
__Ltext4                                 text4        000000
__Ltext5                                 text5        000000
__Ltext6                                 text6        000000
__Ltext7                                 text7        000000
__Ltext8                                 text8        000000
__Ltext9                                 text9        000000
__S0                                     (abs)        30000E
__S1                                     (abs)        000051
__S2                                     (abs)        000000
___ftadd                                 text8        000B60
___ftadd@exp1                            cstackCOMRAM 000020
___ftadd@exp2                            cstackCOMRAM 00001F
___ftadd@f1                              cstackCOMRAM 000015
___ftadd@f2                              cstackCOMRAM 000018
___ftadd@sign                            cstackCOMRAM 00001E
___ftmul                                 text7        000E00
___ftmul@cntr                            cstackCOMRAM 000016
___ftmul@exp                             cstackCOMRAM 000012
___ftmul@f1                              cstackCOMRAM 000009
___ftmul@f2                              cstackCOMRAM 00000C
___ftmul@f3_as_product                   cstackCOMRAM 000013
___ftmul@sign                            cstackCOMRAM 000017
___ftneg                                 text6        001294
___ftneg@f1                              cstackCOMRAM 000012
___ftpack                                text9        000FD8
___ftpack@arg                            cstackCOMRAM 000001
___ftpack@exp                            cstackCOMRAM 000004
___ftpack@sign                           cstackCOMRAM 000005
___fttol                                 text5        000D0C
___fttol@exp1                            cstackCOMRAM 000026
___fttol@f1                              cstackCOMRAM 000018
___fttol@lval                            cstackCOMRAM 000022
___fttol@sign1                           cstackCOMRAM 000021
___inthi_sp                              stack        000000
___intlo_sp                              stack        000000
___lldiv                                 text14       001086
___lldiv@counter                         cstackCOMRAM 00000D
___lldiv@dividend                        cstackCOMRAM 000001
___lldiv@divisor                         cstackCOMRAM 000005
___lldiv@quotient                        cstackCOMRAM 000009
___lltoft                                text4        0011E4
___lltoft@c                              cstackCOMRAM 000009
___lltoft@exp                            cstackCOMRAM 000011
___param_bank                            (abs)        000010
___rparam_used                           (abs)        000001
___sp                                    stack        000000
__accesstop                              (abs)        000080
__activetblptr                           (abs)        000002
__end_of_EEPROM_ReadByte                 text16       0012EA
__end_of_EEPROM_WriteByte                text15       001270
__end_of_UART_Init                       text12       0012DA
__end_of_UART_Printf                     text1        000990
__end_of_UART_SetBaudRate                text13       00117E
__end_of_UART_TxChar                     text11       0012F8
__end_of_UART_TxFloatNumber              text3        000FD8
__end_of_UART_TxNumber                   text10       000B60
__end_of_UART_TxString                   text2        001294
__end_of___ftadd                         text8        000D0C
__end_of___ftmul                         text7        000EF4
__end_of___ftneg                         text6        0012B8
__end_of___ftpack                        text9        001086
__end_of___fttol                         text5        000E00
__end_of___lldiv                         text14       001108
__end_of___lltoft                        text4        001240
__end_of__initialization                 cinit        0012F8
__end_of_main                            text0        0011E4
__initialization                         cinit        0012F8
__mediumconst                            mediumconst  000000
__pcinit                                 cinit        0012F8
__pcstackCOMRAM                          cstackCOMRAM 000001
__psmallconst                            smallconst   000600
__ptext0                                 text0        00117E
__ptext1                                 text1        00062A
__ptext10                                text10       000990
__ptext11                                text11       0012EA
__ptext12                                text12       0012B8
__ptext13                                text13       001108
__ptext14                                text14       001086
__ptext15                                text15       001240
__ptext16                                text16       0012DA
__ptext2                                 text2        001270
__ptext3                                 text3        000EF4
__ptext4                                 text4        0011E4
__ptext5                                 text5        000D0C
__ptext6                                 text6        001294
__ptext7                                 text7        000E00
__ptext8                                 text8        000B60
__ptext9                                 text9        000FD8
__ramtop                                 ramtop       000600
__size_of_EEPROM_ReadByte                (abs)        000000
__size_of_EEPROM_WriteByte               (abs)        000000
__size_of_UART_Init                      (abs)        000000
__size_of_UART_Printf                    (abs)        000000
__size_of_UART_SetBaudRate               (abs)        000000
__size_of_UART_TxChar                    (abs)        000000
__size_of_UART_TxFloatNumber             (abs)        000000
__size_of_UART_TxNumber                  (abs)        000000
__size_of_UART_TxString                  (abs)        000000
__size_of___ftadd                        (abs)        000000
__size_of___ftmul                        (abs)        000000
__size_of___ftneg                        (abs)        000000
__size_of___ftpack                       (abs)        000000
__size_of___fttol                        (abs)        000000
__size_of___lldiv                        (abs)        000000
__size_of___lltoft                       (abs)        000000
__size_of_main                           (abs)        000000
__smallconst                             smallconst   000600
_main                                    text0        00117E
end_of_initialization                    cinit        0012F8
intlevel0                                text         000000
intlevel1                                text         000000
intlevel2                                text         000000
intlevel3                                text         000000
main@eeprom_address                      cstackCOMRAM 00004F
main@read_char                           cstackCOMRAM 00004E
main@write_char                          cstackCOMRAM 000050
stackhi                                  (abs)        0005FF
stacklo                                  (abs)        000080
start                                    init         000000
start_initialization                     cinit        0012F8


FUNCTION INFORMATION:

 *************** function _main *****************
 Defined at:
		line 42 in file "main.c"
 Parameters:    Size  Location     Type
		None
 Auto vars:     Size  Location     Type
  write_char      1   79[COMRAM] unsigned char 
  eeprom_addre    1   78[COMRAM] unsigned char 
  read_char       1   77[COMRAM] unsigned char 
 Return value:  Size  Location     Type
                  2  175[None  ] int 
 Registers used:
		wreg, fsr2l, fsr2h, status,2, status,0, tblptrl, tblptrh, tblptru, prodl, prodh, cstack
 Tracked objects:
		On entry : 
		On exit  : 
		Unchanged: 
 Data sizes:     COMRAM   BANK0   BANK1   BANK2   BANK3   BANK4   BANK5
      Params:         0       0       0       0       0       0       0
      Locals:         3       0       0       0       0       0       0
      Temps:          0       0       0       0       0       0       0
      Totals:         3       0       0       0       0       0       0
Total ram usage:        3 bytes
 Hardware stack levels required when called:    4
 This function calls:
		_EEPROM_ReadByte
		_EEPROM_WriteByte
		_UART_Init
		_UART_Printf
 This function is called by:
		Startup code after reset
 This function uses a non-reentrant model


 *************** function _UART_Printf *****************
 Defined at:
		line 413 in file "../00-libfiles/uart.c"
 Parameters:    Size  Location     Type
  argList         2   50[COMRAM] PTR const unsigned char 
		 -> STR_2(16), STR_1(23), 
 Auto vars:     Size  Location     Type
  v_num_u32       4   65[COMRAM] unsigned long 
  v_num_s32       4   59[COMRAM] long 
  v_floatNum_f    3   54[COMRAM] long 
  argp            2   75[COMRAM] PTR void [1]
		 -> ?_UART_Printf(1), 
  ptr             2   71[COMRAM] PTR const unsigned char 
		 -> STR_2(16), STR_1(23), 
  v_num_u16       2   69[COMRAM] unsigned int 
  v_num_s16       2   63[COMRAM] int 
  str             2   57[COMRAM] PTR unsigned char 
  v_numOfDigit    1   74[COMRAM] unsigned char 
  ch              1   73[COMRAM] unsigned char 
 Return value:  Size  Location     Type
                  1    wreg      void 
 Registers used:
		wreg, fsr2l, fsr2h, status,2, status,0, tblptrl, tblptrh, tblptru, prodl, prodh, cstack
 Tracked objects:
		On entry : 
		On exit  : 
		Unchanged: 
 Data sizes:     COMRAM   BANK0   BANK1   BANK2   BANK3   BANK4   BANK5
      Params:         4       0       0       0       0       0       0
      Locals:        23       0       0       0       0       0       0
      Temps:          0       0       0       0       0       0       0
      Totals:        27       0       0       0       0       0       0
Total ram usage:       27 bytes
 Hardware stack levels used:    1
 Hardware stack levels required when called:    3
 This function calls:
		_UART_TxChar
		_UART_TxFloatNumber
		_UART_TxNumber
		_UART_TxString
 This function is called by:
		_main
 This function uses a non-reentrant model


 *************** function _UART_TxString *****************
 Defined at:
		line 169 in file "../00-libfiles/uart.c"
 Parameters:    Size  Location     Type
  ptr_string      2    1[COMRAM] PTR const unsigned char 
 Auto vars:     Size  Location     Type
		None
 Return value:  Size  Location     Type
                  1    wreg      void 
 Registers used:
		wreg, fsr2l, fsr2h, status,2, status,0, cstack
 Tracked objects:
		On entry : 
		On exit  : 
		Unchanged: 
 Data sizes:     COMRAM   BANK0   BANK1   BANK2   BANK3   BANK4   BANK5
      Params:         2       0       0       0       0       0       0
      Locals:         0       0       0       0       0       0       0
      Temps:          0       0       0       0       0       0       0
      Totals:         2       0       0       0       0       0       0
Total ram usage:        2 bytes
 Hardware stack levels used:    1
 Hardware stack levels required when called:    1
 This function calls:
		_UART_TxChar
 This function is called by:
		_UART_Printf
 This function uses a non-reentrant model


 *************** function _UART_TxFloatNumber *****************
 Defined at:
		line 350 in file "../00-libfiles/uart.c"
 Parameters:    Size  Location     Type
  v_floatNumbe    3   43[COMRAM] float 
 Auto vars:     Size  Location     Type
  v_decNumber_    4   46[COMRAM] unsigned long 
 Return value:  Size  Location     Type
                  1    wreg      void 
 Registers used:
		wreg, fsr2l, fsr2h, status,2, status,0, prodl, prodh, cstack
 Tracked objects:
		On entry : 
		On exit  : 
		Unchanged: 
 Data sizes:     COMRAM   BANK0   BANK1   BANK2   BANK3   BANK4   BANK5
      Params:         3       0       0       0       0       0       0
      Locals:         4       0       0       0       0       0       0
      Temps:          0       0       0       0       0       0       0
      Totals:         7       0       0       0       0       0       0
Total ram usage:        7 bytes
 Hardware stack levels used:    1
 Hardware stack levels required when called:    2
 This function calls:
		_UART_TxChar
		_UART_TxNumber
		___ftadd
		___ftmul
		___ftneg
		___fttol
		___lltoft
 This function is called by:
		_UART_Printf
 This function uses a non-reentrant model


 *************** function ___lltoft *****************
 Defined at:
		line 35 in file "C:\Program Files\Microchip\xc8\v1.36\sources\common\lltoft.c"
 Parameters:    Size  Location     Type
  c               4    8[COMRAM] unsigned long 
 Auto vars:     Size  Location     Type
  exp             1   16[COMRAM] unsigned char 
 Return value:  Size  Location     Type
                  3    8[COMRAM] float 
 Registers used:
		wreg, status,2, status,0, cstack
 Tracked objects:
		On entry : 
		On exit  : 
		Unchanged: 
 Data sizes:     COMRAM   BANK0   BANK1   BANK2   BANK3   BANK4   BANK5
      Params:         4       0       0       0       0       0       0
      Locals:         1       0       0       0       0       0       0
      Temps:          4       0       0       0       0       0       0
      Totals:         9       0       0       0       0       0       0
Total ram usage:        9 bytes
 Hardware stack levels used:    1
 Hardware stack levels required when called:    1
 This function calls:
		___ftpack
 This function is called by:
		_UART_TxFloatNumber
 This function uses a non-reentrant model


 *************** function ___fttol *****************
 Defined at:
		line 44 in file "C:\Program Files\Microchip\xc8\v1.36\sources\common\fttol.c"
 Parameters:    Size  Location     Type
  f1              3   23[COMRAM] float 
 Auto vars:     Size  Location     Type
  lval            4   33[COMRAM] unsigned long 
  exp1            1   37[COMRAM] unsigned char 
  sign1           1   32[COMRAM] unsigned char 
 Return value:  Size  Location     Type
                  4   23[COMRAM] long 
 Registers used:
		wreg, status,2, status,0
 Tracked objects:
		On entry : 
		On exit  : 
		Unchanged: 
 Data sizes:     COMRAM   BANK0   BANK1   BANK2   BANK3   BANK4   BANK5
      Params:         4       0       0       0       0       0       0
      Locals:         6       0       0       0       0       0       0
      Temps:          5       0       0       0       0       0       0
      Totals:        15       0       0       0       0       0       0
Total ram usage:       15 bytes
 Hardware stack levels used:    1
 This function calls:
		Nothing
 This function is called by:
		_UART_TxFloatNumber
 This function uses a non-reentrant model


 *************** function ___ftneg *****************
 Defined at:
		line 15 in file "C:\Program Files\Microchip\xc8\v1.36\sources\common\ftneg.c"
 Parameters:    Size  Location     Type
  f1              3   17[COMRAM] float 
 Auto vars:     Size  Location     Type
		None
 Return value:  Size  Location     Type
                  3   17[COMRAM] float 
 Registers used:
		wreg, status,2, status,0
 Tracked objects:
		On entry : 
		On exit  : 
		Unchanged: 
 Data sizes:     COMRAM   BANK0   BANK1   BANK2   BANK3   BANK4   BANK5
      Params:         3       0       0       0       0       0       0
      Locals:         0       0       0       0       0       0       0
      Temps:          0       0       0       0       0       0       0
      Totals:         3       0       0       0       0       0       0
Total ram usage:        3 bytes
 Hardware stack levels used:    1
 This function calls:
		Nothing
 This function is called by:
		_UART_TxFloatNumber
 This function uses a non-reentrant model


 *************** function ___ftmul *****************
 Defined at:
		line 62 in file "C:\Program Files\Microchip\xc8\v1.36\sources\common\ftmul.c"
 Parameters:    Size  Location     Type
  f1              3    8[COMRAM] float 
  f2              3   11[COMRAM] float 
 Auto vars:     Size  Location     Type
  f3_as_produc    3   18[COMRAM] unsigned um
  sign            1   22[COMRAM] unsigned char 
  cntr            1   21[COMRAM] unsigned char 
  exp             1   17[COMRAM] unsigned char 
 Return value:  Size  Location     Type
                  3    8[COMRAM] float 
 Registers used:
		wreg, status,2, status,0, cstack
 Tracked objects:
		On entry : 
		On exit  : 
		Unchanged: 
 Data sizes:     COMRAM   BANK0   BANK1   BANK2   BANK3   BANK4   BANK5
      Params:         6       0       0       0       0       0       0
      Locals:         6       0       0       0       0       0       0
      Temps:          3       0       0       0       0       0       0
      Totals:        15       0       0       0       0       0       0
Total ram usage:       15 bytes
 Hardware stack levels used:    1
 Hardware stack levels required when called:    1
 This function calls:
		___ftpack
 This function is called by:
		_UART_TxFloatNumber
 This function uses a non-reentrant model


 *************** function ___ftadd *****************
 Defined at:
		line 86 in file "C:\Program Files\Microchip\xc8\v1.36\sources\common\ftadd.c"
 Parameters:    Size  Location     Type
  f1              3   20[COMRAM] float 
  f2              3   23[COMRAM] float 
 Auto vars:     Size  Location     Type
  exp1            1   31[COMRAM] unsigned char 
  exp2            1   30[COMRAM] unsigned char 
  sign            1   29[COMRAM] unsigned char 
 Return value:  Size  Location     Type
                  3   20[COMRAM] float 
 Registers used:
		wreg, status,2, status,0, cstack
 Tracked objects:
		On entry : 
		On exit  : 
		Unchanged: 
 Data sizes:     COMRAM   BANK0   BANK1   BANK2   BANK3   BANK4   BANK5
      Params:         6       0       0       0       0       0       0
      Locals:         3       0       0       0       0       0       0
      Temps:          3       0       0       0       0       0       0
      Totals:        12       0       0       0       0       0       0
Total ram usage:       12 bytes
 Hardware stack levels used:    1
 Hardware stack levels required when called:    1
 This function calls:
		___ftpack
 This function is called by:
		_UART_TxFloatNumber
 This function uses a non-reentrant model


 *************** function ___ftpack *****************
 Defined at:
		line 62 in file "C:\Program Files\Microchip\xc8\v1.36\sources\common\float.c"
 Parameters:    Size  Location     Type
  arg             3    0[COMRAM] unsigned um
  exp             1    3[COMRAM] unsigned char 
  sign            1    4[COMRAM] unsigned char 
 Auto vars:     Size  Location     Type
		None
 Return value:  Size  Location     Type
                  3    0[COMRAM] float 
 Registers used:
		wreg, status,2, status,0
 Tracked objects:
		On entry : 
		On exit  : 
		Unchanged: 
 Data sizes:     COMRAM   BANK0   BANK1   BANK2   BANK3   BANK4   BANK5
      Params:         5       0       0       0       0       0       0
      Locals:         0       0       0       0       0       0       0
      Temps:          3       0       0       0       0       0       0
      Totals:         8       0       0       0       0       0       0
Total ram usage:        8 bytes
 Hardware stack levels used:    1
 This function calls:
		Nothing
 This function is called by:
		___ftadd
		___ftmul
		___lltoft
 This function uses a non-reentrant model


 *************** function _UART_TxNumber *****************
 Defined at:
		line 260 in file "../00-libfiles/uart.c"
 Parameters:    Size  Location     Type
  v_numericSys    1    wreg     unsigned char 
  v_number_u32    4   13[COMRAM] unsigned long 
  v_numOfDigit    1   17[COMRAM] unsigned char 
 Auto vars:     Size  Location     Type
  v_numericSys    1   41[COMRAM] unsigned char 
  a              10   29[COMRAM] unsigned char [10]
  i               1   42[COMRAM] unsigned char 
 Return value:  Size  Location     Type
                  1    wreg      void 
 Registers used:
		wreg, fsr2l, fsr2h, status,2, status,0, prodl, prodh, cstack
 Tracked objects:
		On entry : 
		On exit  : 
		Unchanged: 
 Data sizes:     COMRAM   BANK0   BANK1   BANK2   BANK3   BANK4   BANK5
      Params:         5       0       0       0       0       0       0
      Locals:        14       0       0       0       0       0       0
      Temps:         11       0       0       0       0       0       0
      Totals:        30       0       0       0       0       0       0
Total ram usage:       30 bytes
 Hardware stack levels used:    1
 Hardware stack levels required when called:    1
 This function calls:
		_UART_TxChar
		___lldiv
 This function is called by:
		_UART_TxFloatNumber
		_UART_Printf
 This function uses a non-reentrant model


 *************** function _UART_TxChar *****************
 Defined at:
		line 145 in file "../00-libfiles/uart.c"
 Parameters:    Size  Location     Type
  v_uartData_u    1    wreg     unsigned char 
 Auto vars:     Size  Location     Type
  v_uartData_u    1    0[COMRAM] unsigned char 
 Return value:  Size  Location     Type
                  1    wreg      void 
 Registers used:
		wreg
 Tracked objects:
		On entry : 
		On exit  : 
		Unchanged: 
 Data sizes:     COMRAM   BANK0   BANK1   BANK2   BANK3   BANK4   BANK5
      Params:         0       0       0       0       0       0       0
      Locals:         1       0       0       0       0       0       0
      Temps:          0       0       0       0       0       0       0
      Totals:         1       0       0       0       0       0       0
Total ram usage:        1 bytes
 Hardware stack levels used:    1
 This function calls:
		Nothing
 This function is called by:
		_UART_TxString
		_UART_TxNumber
		_UART_TxFloatNumber
		_UART_Printf
		_UART_RxString
 This function uses a non-reentrant model


 *************** function _UART_Init *****************
 Defined at:
		line 66 in file "../00-libfiles/uart.c"
 Parameters:    Size  Location     Type
  v_baudRate_u    4   22[COMRAM] unsigned long 
 Auto vars:     Size  Location     Type
		None
 Return value:  Size  Location     Type
                  1    wreg      void 
 Registers used:
		wreg, status,2, status,0, cstack
 Tracked objects:
		On entry : 
		On exit  : 
		Unchanged: 
 Data sizes:     COMRAM   BANK0   BANK1   BANK2   BANK3   BANK4   BANK5
      Params:         4       0       0       0       0       0       0
      Locals:         0       0       0       0       0       0       0
      Temps:          0       0       0       0       0       0       0
      Totals:         4       0       0       0       0       0       0
Total ram usage:        4 bytes
 Hardware stack levels used:    1
 Hardware stack levels required when called:    2
 This function calls:
		_UART_SetBaudRate
 This function is called by:
		_main
 This function uses a non-reentrant model


 *************** function _UART_SetBaudRate *****************
 Defined at:
		line 91 in file "../00-libfiles/uart.c"
 Parameters:    Size  Location     Type
  v_baudRate_u    4   13[COMRAM] unsigned long 
 Auto vars:     Size  Location     Type
  RegValue        1   21[COMRAM] unsigned char 
 Return value:  Size  Location     Type
                  1    wreg      void 
 Registers used:
		wreg, status,2, status,0, cstack
 Tracked objects:
		On entry : 
		On exit  : 
		Unchanged: 
 Data sizes:     COMRAM   BANK0   BANK1   BANK2   BANK3   BANK4   BANK5
      Params:         4       0       0       0       0       0       0
      Locals:         1       0       0       0       0       0       0
      Temps:          4       0       0       0       0       0       0
      Totals:         9       0       0       0       0       0       0
Total ram usage:        9 bytes
 Hardware stack levels used:    1
 Hardware stack levels required when called:    1
 This function calls:
		___lldiv
 This function is called by:
		_UART_Init
 This function uses a non-reentrant model


 *************** function ___lldiv *****************
 Defined at:
		line 8 in file "C:\Program Files\Microchip\xc8\v1.36\sources\common\lldiv.c"
 Parameters:    Size  Location     Type
  dividend        4    0[COMRAM] unsigned long 
  divisor         4    4[COMRAM] unsigned long 
 Auto vars:     Size  Location     Type
  quotient        4    8[COMRAM] unsigned long 
  counter         1   12[COMRAM] unsigned char 
 Return value:  Size  Location     Type
                  4    0[COMRAM] unsigned long 
 Registers used:
		wreg, status,2, status,0
 Tracked objects:
		On entry : 
		On exit  : 
		Unchanged: 
 Data sizes:     COMRAM   BANK0   BANK1   BANK2   BANK3   BANK4   BANK5
      Params:         8       0       0       0       0       0       0
      Locals:         5       0       0       0       0       0       0
      Temps:          0       0       0       0       0       0       0
      Totals:        13       0       0       0       0       0       0
Total ram usage:       13 bytes
 Hardware stack levels used:    1
 This function calls:
		Nothing
 This function is called by:
		_UART_SetBaudRate
		_UART_TxNumber
 This function uses a non-reentrant model


 *************** function _EEPROM_WriteByte *****************
 Defined at:
		line 63 in file "../00-libfiles/eeprom.c"
 Parameters:    Size  Location     Type
  v_eepromAddr    2    0[COMRAM] unsigned int 
  v_eepromData    1    2[COMRAM] unsigned char 
 Auto vars:     Size  Location     Type
  gie_value       1    3[COMRAM] unsigned char 
 Return value:  Size  Location     Type
                  1    wreg      void 
 Registers used:
		wreg, status,2, status,0
 Tracked objects:
		On entry : 
		On exit  : 
		Unchanged: 
 Data sizes:     COMRAM   BANK0   BANK1   BANK2   BANK3   BANK4   BANK5
      Params:         3       0       0       0       0       0       0
      Locals:         1       0       0       0       0       0       0
      Temps:          0       0       0       0       0       0       0
      Totals:         4       0       0       0       0       0       0
Total ram usage:        4 bytes
 Hardware stack levels used:    1
 This function calls:
		Nothing
 This function is called by:
		_main
 This function uses a non-reentrant model


 *************** function _EEPROM_ReadByte *****************
 Defined at:
		line 93 in file "../00-libfiles/eeprom.c"
 Parameters:    Size  Location     Type
  v_eepromAddr    2    0[COMRAM] unsigned int 
 Auto vars:     Size  Location     Type
		None
 Return value:  Size  Location     Type
                  1    wreg      unsigned char 
 Registers used:
		wreg, status,2, status,0
 Tracked objects:
		On entry : 
		On exit  : 
		Unchanged: 
 Data sizes:     COMRAM   BANK0   BANK1   BANK2   BANK3   BANK4   BANK5
      Params:         2       0       0       0       0       0       0
      Locals:         0       0       0       0       0       0       0
      Temps:          0       0       0       0       0       0       0
      Totals:         2       0       0       0       0       0       0
Total ram usage:        2 bytes
 Hardware stack levels used:    1
 This function calls:
		Nothing
 This function is called by:
		_main
 This function uses a non-reentrant model



MODULE INFORMATION

Module		Function		Class		Link	Load	Size
C:\Program Files\Microchip\xc8\v1.36\sources\common\ftadd.c
		___ftadd       		CODE           	0B60	0000	429

C:\Program Files\Microchip\xc8\v1.36\sources\common\ftadd.c estimated size: 429

C:\Program Files\Microchip\xc8\v1.36\sources\common\ftneg.c
		___ftneg       		CODE           	1294	0000	37

C:\Program Files\Microchip\xc8\v1.36\sources\common\ftneg.c estimated size: 37

C:\Program Files\Microchip\xc8\v1.36\sources\common\float.c
		___ftpack      		CODE           	0FD8	0000	175

C:\Program Files\Microchip\xc8\v1.36\sources\common\float.c estimated size: 175

../00-libfiles/uart.c
		_UART_TxString 		CODE           	1270	0000	37
		_UART_TxNumber 		CODE           	0990	0000	465
		_UART_Init     		CODE           	12B8	0000	35
		_UART_Printf   		CODE           	062A	0000	871
		_UART_TxFloatNumber		CODE           	0EF4	0000	229
		_UART_SetBaudRate		CODE           	1108	0000	119
		_UART_TxChar   		CODE           	12EA	0000	15

../00-libfiles/uart.c estimated size: 1771

../00-libfiles/eeprom.c
		_EEPROM_WriteByte		CODE           	1240	0000	49
		_EEPROM_ReadByte		CODE           	12DA	0000	17

../00-libfiles/eeprom.c estimated size: 66

C:\Program Files\Microchip\xc8\v1.36\sources\common\ftmul.c
		___ftmul       		CODE           	0E00	0000	245

C:\Program Files\Microchip\xc8\v1.36\sources\common\ftmul.c estimated size: 245

shared
		__initialization		CODE           	12F8	0000	1

shared estimated size: 1

C:\Program Files\Microchip\xc8\v1.36\sources\common\lldiv.c
		___lldiv       		CODE           	1086	0000	131

C:\Program Files\Microchip\xc8\v1.36\sources\common\lldiv.c estimated size: 131

C:\Program Files\Microchip\xc8\v1.36\sources\common\lltoft.c
		___lltoft      		CODE           	11E4	0000	93

C:\Program Files\Microchip\xc8\v1.36\sources\common\lltoft.c estimated size: 93

C:\Program Files\Microchip\xc8\v1.36\sources\common\fttol.c
		___fttol       		CODE           	0D0C	0000	245

C:\Program Files\Microchip\xc8\v1.36\sources\common\fttol.c estimated size: 245

main.c
		_main          		CODE           	117E	0000	103

main.c estimated size: 103

